[2026-02-12 15:40:22] [INFO] Iniciando backup completo: backup_completo_2026-02-12_15-40-22.sql
[2026-02-12 15:40:22] [INFO] Backup completado exitosamente: C:\tools\nginx\html\sistema_biometrico/backups/database/backup_completo_2026-02-12_15-40-22.sql.gz
[2026-02-12 15:40:22] [INFO] Tamaño: 8.64 KB
[2026-02-12 15:40:22] [INFO] Hash SHA256: ffb0ff339393722218bfd781118f6033865a8a45035f1be42e4908eeea2375e6
[2026-02-12 15:40:55] [INFO] Iniciando backup completo: backup_completo_2026-02-12_15-40-55.sql
[2026-02-12 15:40:55] [INFO] Backup completado exitosamente: C:\tools\nginx\html\sistema_biometrico/backups/database/backup_completo_2026-02-12_15-40-55.sql.gz
[2026-02-12 15:40:55] [INFO] Tamaño: 8.64 KB
[2026-02-12 15:40:55] [INFO] Hash SHA256: e5be5ec1d8b62d329e181592d98cc627876405572469eb217b2d231e9855e7fa
[2026-02-12 15:40:59] [INFO] Cleanup completado: 0 archivos eliminados
[2026-02-12 15:41:15] [INFO] Iniciando restauración: C:\tools\nginx\html\sistema_biometrico/backups/database/backup_completo_2026-02-12_15-40-55.sql.gz
[2026-02-12 15:41:22] [INFO] Iniciando backup diferencial: backup_diferencial_2026-02-12_15-41-22.sql
[2026-02-12 15:41:22] [INFO] Backup diferencial completado: C:\tools\nginx\html\sistema_biometrico/backups/database/backup_diferencial_2026-02-12_15-41-22.sql.gz
[2026-02-12 15:41:22] [INFO] Tamaño: 8.52 KB
[2026-02-12 15:46:48] [INFO] Iniciando backup completo: backup_completo_2026-02-12_15-46-48.sql
[2026-02-12 15:46:48] [INFO] Backup completado exitosamente: C:\tools\nginx\html\sistema_biometrico/backups/database/backup_completo_2026-02-12_15-46-48.sql.gz
[2026-02-12 15:46:48] [INFO] Tamaño: 8.64 KB
[2026-02-12 15:46:48] [INFO] Hash SHA256: d4c7e4f8da66fcbb24fe339a576c605ae866abef51b7348e3898ef5d39e7aea3
[2026-02-12 15:46:48] [INFO] Iniciando restauración: C:\tools\nginx\html\sistema_biometrico/backups/database/backup_completo_2026-02-12_15-46-48.sql.gz
[2026-02-12 15:46:48] [INFO] Analizando contenido del backup...
[2026-02-12 15:46:48] [INFO] Tablas encontradas: 29
[2026-02-12 15:46:48] [INFO] Statements INSERT: 14
[2026-02-12 15:46:48] [INFO] MODO PRUEBA: Se ejecutarían 75 statements SQL
[2026-02-12 16:26:11] [INFO] Iniciando backup completo: backup_completo_2026-02-12_16-26-11.sql
[2026-02-12 16:26:12] [INFO] Backup completado exitosamente: C:\tools\nginx\html\sistema_biometrico/backups/database/backup_completo_2026-02-12_16-26-11.sql.gz
[2026-02-12 16:26:12] [INFO] Tamaño: 8.65 KB
[2026-02-12 16:26:12] [INFO] Hash SHA256: 8448b5973f52e197c9b4b5fbe88457ed09cb6afff50b41273cb4e6b9156ce364
[2026-02-12 16:26:16] [INFO] Iniciando backup completo: backup_completo_2026-02-12_16-26-16.sql
[2026-02-12 16:26:16] [INFO] Backup completado exitosamente: C:\tools\nginx\html\sistema_biometrico/backups/database/backup_completo_2026-02-12_16-26-16.sql.gz
[2026-02-12 16:26:16] [INFO] Tamaño: 8.65 KB
[2026-02-12 16:26:16] [INFO] Hash SHA256: 868f91ec61d463dc22db710c7fbd8cb04be1e6c5ec5a5bf749967cccfa04c832
[2026-02-12 16:45:14] [INFO] Iniciando backup completo: backup_completo_2026-02-12_16-45-14.sql
[2026-02-12 16:45:14] [INFO] Backup completado exitosamente: C:\tools\nginx\html\sistema_biometrico/backups/database/backup_completo_2026-02-12_16-45-14.sql.gz
[2026-02-12 16:45:14] [INFO] Tamaño: 8.64 KB
[2026-02-12 16:45:14] [INFO] Hash SHA256: 2210713571b61119494005fc9f535a2286448bfa6474c882bf7cbb93b25d1404
[2026-02-12 16:45:19] [INFO] Iniciando backup completo: backup_completo_2026-02-12_16-45-19.sql
[2026-02-12 16:45:19] [INFO] Backup completado exitosamente: C:\tools\nginx\html\sistema_biometrico/backups/database/backup_completo_2026-02-12_16-45-19.sql.gz
[2026-02-12 16:45:19] [INFO] Tamaño: 8.64 KB
[2026-02-12 16:45:19] [INFO] Hash SHA256: 2fa2b59847ac8f70ede48b21fc27fd55192670ee5c8012a8ba634307a70b79fd
[2026-02-12 19:39:28] [INFO] Iniciando backup completo: backup_completo_2026-02-12_19-39-28.sql
[2026-02-12 19:39:28] [INFO] Backup completado exitosamente: C:\tools\nginx\html\sistema_biometrico/backups/database/backup_completo_2026-02-12_19-39-28.sql.gz
[2026-02-12 19:39:28] [INFO] Tamaño: 8.65 KB
[2026-02-12 19:39:28] [INFO] Hash SHA256: d0ba484040f601fee80a673afa35208bb145f2e6d9030c277f2a178bab4c475a
[2026-02-12 19:39:36] [INFO] Iniciando backup completo: backup_completo_2026-02-12_19-39-36.sql
[2026-02-12 19:39:36] [INFO] Backup completado exitosamente: C:\tools\nginx\html\sistema_biometrico/backups/database/backup_completo_2026-02-12_19-39-36.sql.gz
[2026-02-12 19:39:36] [INFO] Tamaño: 8.64 KB
[2026-02-12 19:39:36] [INFO] Hash SHA256: 76fb54e04279f4f5fb49b5d18469a5a3d35712269ba2e4e900ed989253f7bd32
[2026-02-12 19:41:38] [INFO] Iniciando backup completo: backup_completo_2026-02-12_19-41-38.sql
[2026-02-12 19:41:38] [INFO] Backup completado exitosamente: C:\tools\nginx\html\sistema_biometrico/backups/database/backup_completo_2026-02-12_19-41-38.sql.gz
[2026-02-12 19:41:38] [INFO] Tamaño: 8.64 KB
[2026-02-12 19:41:38] [INFO] Hash SHA256: 91df4ec01d247ae651aa5573eeee6ca930f5283a102b226ea0b62b5c9f0c8390
[2026-02-12 19:41:47] [INFO] Iniciando backup completo: backup_completo_2026-02-12_19-41-47.sql
[2026-02-12 19:41:47] [INFO] Backup completado exitosamente: C:\tools\nginx\html\sistema_biometrico/backups/database/backup_completo_2026-02-12_19-41-47.sql.gz
[2026-02-12 19:41:47] [INFO] Tamaño: 8.64 KB
[2026-02-12 19:41:47] [INFO] Hash SHA256: d5d69c672f8ee373a5dd3cd1f170ca6f76625ce92709594751d72e70e0555acf
[2026-02-12 19:44:38] [INFO] Iniciando backup completo: backup_completo_2026-02-12_19-44-38.sql
[2026-02-12 19:44:38] [INFO] Backup completado exitosamente: C:\tools\nginx\html\sistema_biometrico/backups/database/backup_completo_2026-02-12_19-44-38.sql.gz
[2026-02-12 19:44:38] [INFO] Tamaño: 8.64 KB
[2026-02-12 19:44:38] [INFO] Hash SHA256: 30a296ca4e26b48f95699ca29be637b0562786d58846d2e0347f3ced15009302
[2026-02-12 19:47:34] [INFO] Iniciando backup completo: backup_completo_2026-02-12_19-47-34.sql
[2026-02-12 19:47:34] [INFO] Backup completado exitosamente: C:\tools\nginx\html\sistema_biometrico/backups/database/backup_completo_2026-02-12_19-47-34.sql.gz
[2026-02-12 19:47:34] [INFO] Tamaño: 8.64 KB
[2026-02-12 19:47:34] [INFO] Hash SHA256: cbd6e2a5a6241aec0ab86d08215d8c9146abd005045a0ca53f7a383189d2733c
[2026-02-12 19:53:31] [INFO] Cleanup completado: 0 archivos eliminados
[2026-02-12 19:53:51] [INFO] Iniciando backup completo: backup_completo_2026-02-12_19-53-51.sql
[2026-02-12 19:53:51] [INFO] Backup completado exitosamente: C:\tools\nginx\html\sistema_biometrico/backups/database/backup_completo_2026-02-12_19-53-51.sql.gz
[2026-02-12 19:53:51] [INFO] Tamaño: 8.64 KB
[2026-02-12 19:53:51] [INFO] Hash SHA256: d8f09fc83ad6f2b51eb522cd2b85860e90fa88296220d7bbcc0ca9a402c1c805
[2026-02-12 20:35:30] [INFO] Iniciando backup completo: backup_completo_2026-02-12_20-35-30.sql
[2026-02-12 20:35:30] [INFO] Backup completado exitosamente: C:\tools\nginx\html\sistema_biometrico/backups/database/backup_completo_2026-02-12_20-35-30.sql.gz
[2026-02-12 20:35:30] [INFO] Tamaño: 7.26 KB
[2026-02-12 20:35:30] [INFO] Hash SHA256: 8e26ea562d18b9220a30bd3f5ee692bc957b19c576ce69456ef2bdf9b8a23b8c
