[2026-02-13 15:14:05] [INFO] Iniciando backup completo: full_backup_2026-02-13_15-14-05.sql
[2026-02-13 15:14:05] [INFO] Backup completado: full_backup_2026-02-13_15-14-05.sql.gz (8.31 KB)
[2026-02-13 15:14:22] [INFO] Iniciando restauración desde: C:\tools\nginx\html\sistema_biometrico\backups\database\full_backup_2026-02-13_15-14-05.sql.gz
[2026-02-13 15:14:22] [INFO] La base de datos 'sistema_biometrico' ya existe
[2026-02-13 15:14:22] [INFO] Deshabilitando FOREIGN_KEY_CHECKS
[2026-02-13 15:14:22] [INFO] Ejecutando 310 statements SQL
[2026-02-13 15:14:22] [WARNING] Error en statement: CREATE TABLE `asistencia` (
  `id` int(11) NOT NULL AUTO_INCREMENT,
  `empleado_id` int(11) NOT NULL - SQLSTATE[42S01]: Base table or view already exists: 1050 Table 'asistencia' already exists
[2026-02-13 15:14:22] [WARNING] Error en statement: CREATE TABLE `ausencias` (
  `id` int(11) NOT NULL AUTO_INCREMENT,
  `empleado_id` int(11) NOT NULL, - SQLSTATE[42S01]: Base table or view already exists: 1050 Table 'ausencias' already exists
[2026-02-13 15:14:22] [WARNING] Error en statement: CREATE TABLE `bloques_ciclo` (
  `id` int(11) NOT NULL AUTO_INCREMENT,
  `ciclo_id` int(11) NOT NULL - SQLSTATE[42S01]: Base table or view already exists: 1050 Table 'bloques_ciclo' already exists
[2026-02-13 15:14:22] [WARNING] Error en statement: INSERT INTO `bloques_ciclo` VALUES
(13,1,0,'09:00:00','16:00:00',1,0,'2026-02-06 15:20:28'),
(14,1,1 - SQLSTATE[23000]: Integrity constraint violation: 1062 Duplicate entry '13' for key 'PRIMARY'
[2026-02-13 15:14:22] [WARNING] Error en statement: CREATE TABLE `ciclos` (
  `id` int(11) NOT NULL AUTO_INCREMENT,
  `nombre` varchar(100) NOT NULL,
   - SQLSTATE[42S01]: Base table or view already exists: 1050 Table 'ciclos' already exists
[2026-02-13 15:14:22] [WARNING] Error en statement: INSERT INTO `ciclos` VALUES
(1,'m01','2026-02-06',1,'Semana',1,'2026-02-06 14:02:55'),
(2,'M02','202 - SQLSTATE[23000]: Integrity constraint violation: 1062 Duplicate entry '1' for key 'PRIMARY'
[2026-02-13 15:14:22] [WARNING] Error en statement: CREATE TABLE `comisiones` (
  `id` int(11) NOT NULL AUTO_INCREMENT,
  `empleado_id` int(11) NOT NULL - SQLSTATE[42S01]: Base table or view already exists: 1050 Table 'comisiones' already exists
[2026-02-13 15:14:22] [WARNING] Error en statement: CREATE TABLE `dias_economicos` (
  `id` int(11) NOT NULL AUTO_INCREMENT,
  `empleado_id` int(11) NOT - SQLSTATE[42S01]: Base table or view already exists: 1050 Table 'dias_economicos' already exists
[2026-02-13 15:14:22] [WARNING] Error en statement: CREATE TABLE `dispositivos_biometricos` (
  `id` int(11) NOT NULL AUTO_INCREMENT,
  `dispositivo_id` - SQLSTATE[42S01]: Base table or view already exists: 1050 Table 'dispositivos_biometricos' already exists
[2026-02-13 15:14:22] [WARNING] Error en statement: INSERT INTO `dispositivos_biometricos` VALUES
(1,1,'Dispositivo 1','dual','192.168.1.101',4370,1,'SE - SQLSTATE[23000]: Integrity constraint violation: 1062 Duplicate entry '1' for key 'PRIMARY'
[2026-02-13 15:14:22] [WARNING] Error en statement: CREATE TABLE `empleado_horarios` (
  `id` int(11) NOT NULL AUTO_INCREMENT,
  `empleado_id` int(11) N - SQLSTATE[42S01]: Base table or view already exists: 1050 Table 'empleado_horarios' already exists
[2026-02-13 15:14:22] [ERROR] Error en restauración: Demasiados errores (11), abortando restauración
[2026-02-13 15:15:00] [INFO] Iniciando restauración desde: C:\tools\nginx\html\sistema_biometrico\backups\database\full_backup_2026-02-13_15-14-05.sql.gz
[2026-02-13 15:15:00] [INFO] La base de datos 'sistema_biometrico' ya existe
[2026-02-13 15:15:00] [INFO] Deshabilitando FOREIGN_KEY_CHECKS
[2026-02-13 15:15:00] [INFO] Ejecutando 310 statements SQL
[2026-02-13 15:15:00] [WARNING] Error en statement: CREATE TABLE `asistencia` (
  `id` int(11) NOT NULL AUTO_INCREMENT,
  `empleado_id` int(11) NOT NULL - SQLSTATE[42S01]: Base table or view already exists: 1050 Table 'asistencia' already exists
[2026-02-13 15:15:00] [WARNING] Error en statement: CREATE TABLE `ausencias` (
  `id` int(11) NOT NULL AUTO_INCREMENT,
  `empleado_id` int(11) NOT NULL, - SQLSTATE[42S01]: Base table or view already exists: 1050 Table 'ausencias' already exists
[2026-02-13 15:15:00] [WARNING] Error en statement: CREATE TABLE `bloques_ciclo` (
  `id` int(11) NOT NULL AUTO_INCREMENT,
  `ciclo_id` int(11) NOT NULL - SQLSTATE[42S01]: Base table or view already exists: 1050 Table 'bloques_ciclo' already exists
[2026-02-13 15:15:00] [WARNING] Error en statement: INSERT INTO `bloques_ciclo` VALUES
(13,1,0,'09:00:00','16:00:00',1,0,'2026-02-06 15:20:28'),
(14,1,1 - SQLSTATE[23000]: Integrity constraint violation: 1062 Duplicate entry '13' for key 'PRIMARY'
[2026-02-13 15:15:00] [WARNING] Error en statement: CREATE TABLE `ciclos` (
  `id` int(11) NOT NULL AUTO_INCREMENT,
  `nombre` varchar(100) NOT NULL,
   - SQLSTATE[42S01]: Base table or view already exists: 1050 Table 'ciclos' already exists
[2026-02-13 15:15:00] [WARNING] Error en statement: INSERT INTO `ciclos` VALUES
(1,'m01','2026-02-06',1,'Semana',1,'2026-02-06 14:02:55'),
(2,'M02','202 - SQLSTATE[23000]: Integrity constraint violation: 1062 Duplicate entry '1' for key 'PRIMARY'
[2026-02-13 15:15:00] [WARNING] Error en statement: CREATE TABLE `comisiones` (
  `id` int(11) NOT NULL AUTO_INCREMENT,
  `empleado_id` int(11) NOT NULL - SQLSTATE[42S01]: Base table or view already exists: 1050 Table 'comisiones' already exists
[2026-02-13 15:15:00] [WARNING] Error en statement: CREATE TABLE `dias_economicos` (
  `id` int(11) NOT NULL AUTO_INCREMENT,
  `empleado_id` int(11) NOT - SQLSTATE[42S01]: Base table or view already exists: 1050 Table 'dias_economicos' already exists
[2026-02-13 15:15:00] [WARNING] Error en statement: CREATE TABLE `dispositivos_biometricos` (
  `id` int(11) NOT NULL AUTO_INCREMENT,
  `dispositivo_id` - SQLSTATE[42S01]: Base table or view already exists: 1050 Table 'dispositivos_biometricos' already exists
[2026-02-13 15:15:00] [WARNING] Error en statement: INSERT INTO `dispositivos_biometricos` VALUES
(1,1,'Dispositivo 1','dual','192.168.1.101',4370,1,'SE - SQLSTATE[23000]: Integrity constraint violation: 1062 Duplicate entry '1' for key 'PRIMARY'
[2026-02-13 15:15:00] [WARNING] Error en statement: CREATE TABLE `empleado_horarios` (
  `id` int(11) NOT NULL AUTO_INCREMENT,
  `empleado_id` int(11) N - SQLSTATE[42S01]: Base table or view already exists: 1050 Table 'empleado_horarios' already exists
[2026-02-13 15:15:00] [ERROR] Error en restauración: Demasiados errores (11), abortando restauración
[2026-02-13 15:15:57] [INFO] Iniciando restauración desde: C:\tools\nginx\html\sistema_biometrico\backups\database\full_backup_2026-02-13_15-14-05.sql.gz
[2026-02-13 15:15:57] [INFO] La base de datos 'sistema_biometrico' ya existe
[2026-02-13 15:15:57] [INFO] Deshabilitando FOREIGN_KEY_CHECKS
[2026-02-13 15:15:57] [INFO] Ejecutando 310 statements SQL
[2026-02-13 15:15:57] [WARNING] Error en statement: CREATE TABLE `asistencia` (
  `id` int(11) NOT NULL AUTO_INCREMENT,
  `empleado_id` int(11) NOT NULL - SQLSTATE[42S01]: Base table or view already exists: 1050 Table 'asistencia' already exists
[2026-02-13 15:15:57] [WARNING] Error en statement: CREATE TABLE `ausencias` (
  `id` int(11) NOT NULL AUTO_INCREMENT,
  `empleado_id` int(11) NOT NULL, - SQLSTATE[42S01]: Base table or view already exists: 1050 Table 'ausencias' already exists
[2026-02-13 15:15:57] [WARNING] Error en statement: CREATE TABLE `bloques_ciclo` (
  `id` int(11) NOT NULL AUTO_INCREMENT,
  `ciclo_id` int(11) NOT NULL - SQLSTATE[42S01]: Base table or view already exists: 1050 Table 'bloques_ciclo' already exists
[2026-02-13 15:15:57] [WARNING] Error en statement: INSERT INTO `bloques_ciclo` VALUES
(13,1,0,'09:00:00','16:00:00',1,0,'2026-02-06 15:20:28'),
(14,1,1 - SQLSTATE[23000]: Integrity constraint violation: 1062 Duplicate entry '13' for key 'PRIMARY'
[2026-02-13 15:15:57] [WARNING] Error en statement: CREATE TABLE `ciclos` (
  `id` int(11) NOT NULL AUTO_INCREMENT,
  `nombre` varchar(100) NOT NULL,
   - SQLSTATE[42S01]: Base table or view already exists: 1050 Table 'ciclos' already exists
[2026-02-13 15:15:57] [WARNING] Error en statement: INSERT INTO `ciclos` VALUES
(1,'m01','2026-02-06',1,'Semana',1,'2026-02-06 14:02:55'),
(2,'M02','202 - SQLSTATE[23000]: Integrity constraint violation: 1062 Duplicate entry '1' for key 'PRIMARY'
[2026-02-13 15:15:57] [WARNING] Error en statement: CREATE TABLE `comisiones` (
  `id` int(11) NOT NULL AUTO_INCREMENT,
  `empleado_id` int(11) NOT NULL - SQLSTATE[42S01]: Base table or view already exists: 1050 Table 'comisiones' already exists
[2026-02-13 15:15:57] [WARNING] Error en statement: CREATE TABLE `dias_economicos` (
  `id` int(11) NOT NULL AUTO_INCREMENT,
  `empleado_id` int(11) NOT - SQLSTATE[42S01]: Base table or view already exists: 1050 Table 'dias_economicos' already exists
[2026-02-13 15:15:57] [WARNING] Error en statement: CREATE TABLE `dispositivos_biometricos` (
  `id` int(11) NOT NULL AUTO_INCREMENT,
  `dispositivo_id` - SQLSTATE[42S01]: Base table or view already exists: 1050 Table 'dispositivos_biometricos' already exists
[2026-02-13 15:15:57] [WARNING] Error en statement: INSERT INTO `dispositivos_biometricos` VALUES
(1,1,'Dispositivo 1','dual','192.168.1.101',4370,1,'SE - SQLSTATE[23000]: Integrity constraint violation: 1062 Duplicate entry '1' for key 'PRIMARY'
[2026-02-13 15:15:57] [WARNING] Error en statement: CREATE TABLE `empleado_horarios` (
  `id` int(11) NOT NULL AUTO_INCREMENT,
  `empleado_id` int(11) N - SQLSTATE[42S01]: Base table or view already exists: 1050 Table 'empleado_horarios' already exists
[2026-02-13 15:15:57] [ERROR] Error en restauración: Demasiados errores (11), abortando restauración
[2026-02-13 15:16:21] [INFO] Iniciando restauración desde: C:\tools\nginx\html\sistema_biometrico\backups\database\full_backup_2026-02-13_15-14-05.sql.gz
[2026-02-13 15:16:21] [INFO] Base de datos 'sistema_biometrico' eliminada
[2026-02-13 15:16:21] [INFO] Base de datos 'sistema_biometrico' creada correctamente
[2026-02-13 15:16:21] [INFO] Deshabilitando FOREIGN_KEY_CHECKS
[2026-02-13 15:16:21] [INFO] Ejecutando 310 statements SQL
[2026-02-13 15:16:22] [INFO] Ejecutados 100 statements...
[2026-02-13 15:16:22] [INFO] SQL ejecutado: 115 statements exitosos, 0 errores
[2026-02-13 15:16:22] [ERROR] Error en restauración: There is no active transaction
[2026-02-13 15:17:20] [INFO] Iniciando restauración desde: C:\tools\nginx\html\sistema_biometrico\backups\database\full_backup_2026-02-13_15-14-05.sql.gz
[2026-02-13 15:17:21] [INFO] Base de datos 'sistema_biometrico' eliminada
[2026-02-13 15:17:21] [INFO] Base de datos 'sistema_biometrico' creada correctamente
[2026-02-13 15:17:21] [INFO] Deshabilitando FOREIGN_KEY_CHECKS
[2026-02-13 15:17:21] [INFO] Ejecutando 310 statements SQL
[2026-02-13 15:17:21] [INFO] SQL ejecutado: 90 statements exitosos, 0 errores
[2026-02-13 15:17:21] [INFO] Restauración completada en 0.94s: 25 tablas, 226 filas
[2026-02-13 15:36:57] [INFO] Iniciando backup completo: full_backup_2026-02-13_15-36-57.sql
[2026-02-13 15:36:57] [INFO] Backup completado: full_backup_2026-02-13_15-36-57.sql.gz (8.31 KB)
[2026-02-13 20:32:38] [INFO] Iniciando backup completo: full_backup_2026-02-13_20-32-38.sql
[2026-02-13 20:32:38] [INFO] Backup completado: full_backup_2026-02-13_20-32-38.sql (2.2 MB)
[2026-02-13 20:33:42] [INFO] Iniciando backup completo: full_backup_2026-02-13_20-33-42.sql
[2026-02-13 20:33:42] [INFO] Backup completado: full_backup_2026-02-13_20-33-42.sql.gz (151.91 KB)
[2026-02-13 20:33:46] [INFO] Iniciando backup completo: full_backup_2026-02-13_20-33-46.sql
[2026-02-13 20:33:46] [INFO] Backup completado: full_backup_2026-02-13_20-33-46.sql.gz (151.91 KB)
[2026-02-13 20:36:52] [INFO] Iniciando restauración desde: C:\tools\nginx\html\sistema_biometrico\controllers/../backups/database/full_backup_2026-02-13_20-33-46.sql.gz
[2026-02-13 20:36:52] [INFO] Base de datos 'sistema_biometrico' eliminada
[2026-02-13 20:36:52] [INFO] Base de datos 'sistema_biometrico' creada correctamente
[2026-02-13 20:36:52] [INFO] Deshabilitando FOREIGN_KEY_CHECKS
[2026-02-13 20:36:52] [INFO] Ejecutando 337 statements SQL
[2026-02-13 20:36:53] [INFO] Ejecutados 100 statements...
[2026-02-13 20:36:53] [INFO] SQL ejecutado: 101 statements exitosos, 0 errores
[2026-02-13 20:36:53] [INFO] Restauración completada en 1.65s: 27 tablas, 8130 filas
[2026-02-13 21:15:28] [INFO] Iniciando backup completo: full_backup_2026-02-13_21-15-28.sql
[2026-02-13 21:15:28] [INFO] Backup completado: full_backup_2026-02-13_21-15-28.sql (2.19 MB)
[2026-02-13 21:17:11] [INFO] Iniciando backup completo: full_backup_2026-02-13_21-17-11.sql
[2026-02-13 21:17:11] [INFO] Backup completado: full_backup_2026-02-13_21-17-11.sql.gz (150.84 KB)
[2026-02-18 21:36:14] [INFO] Iniciando backup completo: full_backup_2026-02-18_21-36-14.sql
[2026-02-18 21:36:14] [INFO] Backup completado: full_backup_2026-02-18_21-36-14.sql.gz (11.96 KB)
[2026-02-18 21:36:54] [INFO] Iniciando backup completo: full_backup_2026-02-18_21-36-54.sql
[2026-02-18 21:36:55] [INFO] Backup completado: full_backup_2026-02-18_21-36-54.sql.gz (11.96 KB)
[2026-02-25 18:32:09] [INFO] Iniciando backup completo: full_backup_2026-02-25_18-32-09.sql
[2026-02-25 18:32:09] [INFO] Backup completado: full_backup_2026-02-25_18-32-09.sql.gz (16.39 KB)
[2026-02-25 21:25:57] [INFO] Iniciando backup completo: full_backup_2026-02-25_21-25-57.sql
[2026-02-25 21:25:57] [INFO] Backup completado: full_backup_2026-02-25_21-25-57.sql (114.46 KB)
[2026-02-25 21:27:10] [INFO] Iniciando backup completo: full_backup_2026-02-25_21-27-10.sql
[2026-02-25 21:27:10] [INFO] Backup completado: full_backup_2026-02-25_21-27-10.sql.gz (16.49 KB)
[2026-02-25 21:29:48] [INFO] Iniciando restauración desde: C:\tools\nginx\html\sistema_biometrico\controllers/../backups/database/full_backup_2026-02-25_21-27-10.sql.gz
[2026-02-25 21:29:49] [INFO] Base de datos 'sistema_biometrico' eliminada
[2026-02-25 21:29:49] [INFO] Base de datos 'sistema_biometrico' creada correctamente
[2026-02-25 21:29:49] [INFO] Deshabilitando FOREIGN_KEY_CHECKS
[2026-02-25 21:29:49] [INFO] Ejecutando 444 statements SQL
[2026-02-25 21:29:50] [INFO] Ejecutados 100 statements...
[2026-02-25 21:29:50] [WARNING] Error en statement: DELIMITER - SQLSTATE[42000]: Syntax error or access violation: 1064 You have an error in your SQL syntax; check the manual that corresponds to your MariaDB server version for the right syntax to use near 'DELIMITER' at line 1
[2026-02-25 21:29:50] [WARNING] Error en statement: CREATE DEFINER=`ROOT`@`LOCALHOST` PROCEDURE `CLASIFICAR_INCIDENCIA`(
        IN P_INCIDENCIA_ID INT, - SQLSTATE[42000]: Syntax error or access violation: 1064 You have an error in your SQL syntax; check the manual that corresponds to your MariaDB server version for the right syntax to use near '' at line 9
[2026-02-25 21:29:50] [WARNING] Error en statement: DECLARE V_TIPO VARCHAR(20) - SQLSTATE[42000]: Syntax error or access violation: 1064 You have an error in your SQL syntax; check the manual that corresponds to your MariaDB server version for the right syntax to use near 'DECLARE v_tipo VARCHAR(20)' at line 1
[2026-02-25 21:29:50] [WARNING] Error en statement: DECLARE V_REQUIERE_VALIDACION BOOLEAN - SQLSTATE[42000]: Syntax error or access violation: 1064 You have an error in your SQL syntax; check the manual that corresponds to your MariaDB server version for the right syntax to use near 'DECLARE v_requiere_validacion BOOLEAN' at line 1
[2026-02-25 21:29:50] [WARNING] Error en statement: WHEN 'RETARDO_MEDIO' THEN
                SET V_CATEGORIA = 'RETARDO', V_TIPO = 'RETARDO_MEDIO', V_R - SQLSTATE[42000]: Syntax error or access violation: 1064 You have an error in your SQL syntax; check the manual that corresponds to your MariaDB server version for the right syntax to use near 'WHEN 'retardo_medio' THEN
                SET v_categoria = 'retardo', v_tipo...' at line 1
[2026-02-25 21:29:50] [WARNING] Error en statement: WHEN 'RETARDO_MAYOR' THEN
                SET V_CATEGORIA = 'RETARDO', V_TIPO = 'RETARDO_MAYOR', V_R - SQLSTATE[42000]: Syntax error or access violation: 1064 You have an error in your SQL syntax; check the manual that corresponds to your MariaDB server version for the right syntax to use near 'WHEN 'retardo_mayor' THEN
                SET v_categoria = 'retardo', v_tipo...' at line 1
[2026-02-25 21:29:50] [WARNING] Error en statement: WHEN 'COMISION_ENTRADA' THEN
                SET V_CATEGORIA = 'COMISION', V_TIPO = 'COMISION_ENTRAD - SQLSTATE[42000]: Syntax error or access violation: 1064 You have an error in your SQL syntax; check the manual that corresponds to your MariaDB server version for the right syntax to use near 'WHEN 'comision_entrada' THEN
                SET v_categoria = 'comision', v_...' at line 1
[2026-02-25 21:29:50] [WARNING] Error en statement: WHEN 'COMISION_SALIDA' THEN
                SET V_CATEGORIA = 'COMISION', V_TIPO = 'COMISION_SALIDA' - SQLSTATE[42000]: Syntax error or access violation: 1064 You have an error in your SQL syntax; check the manual that corresponds to your MariaDB server version for the right syntax to use near 'WHEN 'comision_salida' THEN
                SET v_categoria = 'comision', v_t...' at line 1
[2026-02-25 21:29:50] [WARNING] Error en statement: WHEN 'COMISION_TODO_DIA' THEN
                SET V_CATEGORIA = 'COMISION', V_TIPO = 'COMISION_TODO_ - SQLSTATE[42000]: Syntax error or access violation: 1064 You have an error in your SQL syntax; check the manual that corresponds to your MariaDB server version for the right syntax to use near 'WHEN 'comision_todo_dia' THEN
                SET v_categoria = 'comision', v...' at line 1
[2026-02-25 21:29:50] [WARNING] Error en statement: WHEN 'DIA_ECONOMICO' THEN
                SET V_CATEGORIA = 'DIA_ECONOMICO', V_TIPO = 'DIA_ECONOMICO - SQLSTATE[42000]: Syntax error or access violation: 1064 You have an error in your SQL syntax; check the manual that corresponds to your MariaDB server version for the right syntax to use near 'WHEN 'dia_economico' THEN
                SET v_categoria = 'dia_economico', ...' at line 1
[2026-02-25 21:29:50] [WARNING] Error en statement: WHEN 'AUSENCIA' THEN
                SET V_CATEGORIA = 'AUSENCIA', V_TIPO = 'AUSENCIA', V_REQUIERE_V - SQLSTATE[42000]: Syntax error or access violation: 1064 You have an error in your SQL syntax; check the manual that corresponds to your MariaDB server version for the right syntax to use near 'WHEN 'ausencia' THEN
                SET v_categoria = 'ausencia', v_tipo = '...' at line 1
[2026-02-25 21:29:50] [ERROR] Error en restauración: Demasiados errores (11), abortando restauración
[2026-02-25 21:58:12] [INFO] Iniciando backup completo: full_backup_2026-02-25_21-58-12.sql
[2026-02-25 21:58:13] [INFO] Backup completado: full_backup_2026-02-25_21-58-12.sql.gz (237.25 KB)
[2026-02-26 21:29:41] [INFO] Iniciando backup completo: full_backup_2026-02-26_21-29-41.sql
[2026-02-26 21:29:42] [INFO] Backup completado: full_backup_2026-02-26_21-29-41.sql (98.55 KB)
[2026-03-05 00:11:38] [ERROR] Error de conexión: SQLSTATE[HY000] [2002] Operation not permitted
[2026-03-05 13:44:33] [INFO] Iniciando backup completo: full_backup_2026-03-05_13-44-33.sql
[2026-03-05 13:44:34] [INFO] Backup completado: full_backup_2026-03-05_13-44-33.sql.gz (125.88 KB)
[2026-03-05 13:51:23] [INFO] Iniciando vaciado de tablas: asistencia, retardos
[2026-03-05 13:51:23] [INFO] Tabla 'asistencia' vaciada correctamente.
[2026-03-05 13:51:23] [INFO] Tabla 'retardos' vaciada correctamente.
[2026-03-05 13:51:23] [INFO] Vaciado de tablas completado.
[2026-03-05 13:55:55] [INFO] Iniciando vaciado de tablas: asistencia, retardos
[2026-03-05 13:55:55] [INFO] Tabla 'asistencia' vaciada correctamente.
[2026-03-05 13:55:55] [INFO] Tabla 'retardos' vaciada correctamente.
[2026-03-05 13:55:55] [INFO] Vaciado de tablas completado.
[2026-03-05 14:03:36] [INFO] Iniciando vaciado de tablas: zkteco_procesamiento_logs
[2026-03-05 14:03:36] [INFO] Tabla 'zkteco_procesamiento_logs' vaciada correctamente.
[2026-03-05 14:03:36] [INFO] Vaciado de tablas completado.
[2026-03-09 13:51:15] [INFO] Iniciando backup completo: full_backup_2026-03-09_13-51-15.sql
[2026-03-09 13:51:16] [INFO] Backup completado: full_backup_2026-03-09_13-51-15.sql.gz (841.25 KB)
[2026-03-09 13:51:35] [INFO] Iniciando backup completo: full_backup_2026-03-09_13-51-35.sql
[2026-03-09 13:51:36] [INFO] Backup completado: full_backup_2026-03-09_13-51-35.sql (26.3 MB)
[2026-03-17 15:01:51] [INFO] Iniciando backup completo: full_backup_2026-03-17_15-01-51.sql
[2026-03-17 15:01:52] [INFO] Backup completado: full_backup_2026-03-17_15-01-51.sql.gz (86.09 KB)
[2026-03-17 15:02:01] [INFO] Iniciando backup completo: full_backup_2026-03-17_15-02-01.sql
[2026-03-17 15:02:01] [INFO] Backup completado: full_backup_2026-03-17_15-02-01.sql (1.09 MB)
[2026-03-18 15:18:53] [INFO] Iniciando backup completo: full_backup_2026-03-18_15-18-53.sql
[2026-03-18 15:18:54] [INFO] Backup completado: full_backup_2026-03-18_15-18-53.sql.gz (87.39 KB)
[2026-03-18 15:18:59] [INFO] Iniciando backup completo: full_backup_2026-03-18_15-18-59.sql
[2026-03-18 15:18:59] [INFO] Backup completado: full_backup_2026-03-18_15-18-59.sql (1.11 MB)
[2026-03-19 15:35:07] [INFO] Iniciando backup completo: full_backup_2026-03-19_15-35-07.sql
[2026-03-19 15:35:08] [INFO] Backup completado: full_backup_2026-03-19_15-35-07.sql.gz (85.32 KB)
[2026-03-19 15:54:40] [INFO] Iniciando backup completo: full_backup_2026-03-19_15-54-40.sql
[2026-03-19 15:54:40] [INFO] Backup completado: full_backup_2026-03-19_15-54-40.sql (1.07 MB)
[2026-03-24 15:53:04] [INFO] Iniciando backup completo: full_backup_2026-03-24_15-53-04.sql
[2026-03-24 15:53:05] [INFO] Backup completado: full_backup_2026-03-24_15-53-04.sql.gz (195.3 KB)
[2026-03-24 15:53:10] [INFO] Iniciando backup completo: full_backup_2026-03-24_15-53-10.sql
[2026-03-24 15:53:10] [INFO] Backup completado: full_backup_2026-03-24_15-53-10.sql (2.76 MB)
