[2026-03-25 22:00:21] [COMPILE_ERROR] Cannot redeclare class MachineLearningEngine (previously declared in /usr/share/nginx/html/sistema_biometrico/services/MachineLearningEngine.php:7) en /usr/share/nginx/html/sistema_biometrico/services/MachineLearningEngine.php línea 7
URI: N/A
--------------------------------------------------------------------------------
[2026-03-25 22:00:45] [WARNING] array_sum(): Addition is not supported on type array en /usr/share/nginx/html/sistema_biometrico/services/AICompletoService.php línea 244
URI: N/A
--------------------------------------------------------------------------------
[2026-03-25 22:00:45] [WARNING] array_sum(): Addition is not supported on type array en /usr/share/nginx/html/sistema_biometrico/services/AICompletoService.php línea 244
URI: N/A
--------------------------------------------------------------------------------
[2026-03-25 22:00:45] [WARNING] array_sum(): Addition is not supported on type array en /usr/share/nginx/html/sistema_biometrico/services/AICompletoService.php línea 244
URI: N/A
--------------------------------------------------------------------------------
[2026-03-25 22:00:45] [WARNING] array_sum(): Addition is not supported on type array en /usr/share/nginx/html/sistema_biometrico/services/AICompletoService.php línea 244
URI: N/A
--------------------------------------------------------------------------------
[2026-03-25 22:00:45] [WARNING] array_sum(): Addition is not supported on type array en /usr/share/nginx/html/sistema_biometrico/services/AICompletoService.php línea 244
URI: N/A
--------------------------------------------------------------------------------
[2026-03-25 22:00:45] [WARNING] array_sum(): Addition is not supported on type array en /usr/share/nginx/html/sistema_biometrico/services/AICompletoService.php línea 244
URI: N/A
--------------------------------------------------------------------------------
[2026-03-25 22:00:45] [WARNING] array_sum(): Addition is not supported on type array en /usr/share/nginx/html/sistema_biometrico/services/AICompletoService.php línea 244
URI: N/A
--------------------------------------------------------------------------------
[2026-03-25 22:00:45] [WARNING] array_sum(): Addition is not supported on type array en /usr/share/nginx/html/sistema_biometrico/services/AICompletoService.php línea 244
URI: N/A
--------------------------------------------------------------------------------
[2026-03-25 22:00:45] [WARNING] array_sum(): Addition is not supported on type array en /usr/share/nginx/html/sistema_biometrico/services/AICompletoService.php línea 244
URI: N/A
--------------------------------------------------------------------------------
[2026-03-25 22:00:45] [WARNING] array_sum(): Addition is not supported on type array en /usr/share/nginx/html/sistema_biometrico/services/AICompletoService.php línea 244
URI: N/A
--------------------------------------------------------------------------------
[2026-03-25 22:00:45] [WARNING] array_sum(): Addition is not supported on type array en /usr/share/nginx/html/sistema_biometrico/services/AICompletoService.php línea 244
URI: N/A
--------------------------------------------------------------------------------
[2026-03-25 22:00:45] [WARNING] array_sum(): Addition is not supported on type array en /usr/share/nginx/html/sistema_biometrico/services/AICompletoService.php línea 244
URI: N/A
--------------------------------------------------------------------------------
[2026-03-25 22:00:45] [WARNING] array_sum(): Addition is not supported on type array en /usr/share/nginx/html/sistema_biometrico/services/AICompletoService.php línea 244
URI: N/A
--------------------------------------------------------------------------------
[2026-03-25 22:00:45] [WARNING] array_sum(): Addition is not supported on type array en /usr/share/nginx/html/sistema_biometrico/services/AICompletoService.php línea 244
URI: N/A
--------------------------------------------------------------------------------
[2026-03-25 22:00:45] [WARNING] array_sum(): Addition is not supported on type array en /usr/share/nginx/html/sistema_biometrico/services/AICompletoService.php línea 244
URI: N/A
--------------------------------------------------------------------------------
[2026-03-25 22:00:45] [WARNING] array_sum(): Addition is not supported on type array en /usr/share/nginx/html/sistema_biometrico/services/AICompletoService.php línea 244
URI: N/A
--------------------------------------------------------------------------------
[2026-03-25 22:00:45] [WARNING] array_sum(): Addition is not supported on type array en /usr/share/nginx/html/sistema_biometrico/services/AICompletoService.php línea 244
URI: N/A
--------------------------------------------------------------------------------
[2026-03-25 22:00:45] [WARNING] array_sum(): Addition is not supported on type array en /usr/share/nginx/html/sistema_biometrico/services/AICompletoService.php línea 244
URI: N/A
--------------------------------------------------------------------------------
[2026-03-25 22:00:45] [WARNING] array_sum(): Addition is not supported on type array en /usr/share/nginx/html/sistema_biometrico/services/AICompletoService.php línea 244
URI: N/A
--------------------------------------------------------------------------------
[2026-03-25 22:00:45] [WARNING] array_sum(): Addition is not supported on type array en /usr/share/nginx/html/sistema_biometrico/services/AICompletoService.php línea 244
URI: N/A
--------------------------------------------------------------------------------
[2026-03-25 22:00:45] [WARNING] array_sum(): Addition is not supported on type array en /usr/share/nginx/html/sistema_biometrico/services/AICompletoService.php línea 244
URI: N/A
--------------------------------------------------------------------------------
[2026-03-25 22:00:45] [WARNING] array_sum(): Addition is not supported on type array en /usr/share/nginx/html/sistema_biometrico/services/AICompletoService.php línea 244
URI: N/A
--------------------------------------------------------------------------------
[2026-03-25 22:00:45] [WARNING] array_sum(): Addition is not supported on type array en /usr/share/nginx/html/sistema_biometrico/services/AICompletoService.php línea 244
URI: N/A
--------------------------------------------------------------------------------
[2026-03-25 22:00:45] [WARNING] array_sum(): Addition is not supported on type array en /usr/share/nginx/html/sistema_biometrico/services/AICompletoService.php línea 244
URI: N/A
--------------------------------------------------------------------------------
[2026-03-25 22:00:45] [WARNING] array_sum(): Addition is not supported on type array en /usr/share/nginx/html/sistema_biometrico/services/AICompletoService.php línea 244
URI: N/A
--------------------------------------------------------------------------------
[2026-03-25 22:00:45] [WARNING] array_sum(): Addition is not supported on type array en /usr/share/nginx/html/sistema_biometrico/services/AICompletoService.php línea 244
URI: N/A
--------------------------------------------------------------------------------
[2026-03-25 22:00:45] [WARNING] Undefined variable $prediccio en /usr/share/nginx/html/sistema_biometrico/services/AICompletoService.php línea 280
URI: N/A
--------------------------------------------------------------------------------
[2026-03-25 22:00:45] [DEPRECATED] round(): Passing null to parameter #1 ($num) of type int|float is deprecated en /usr/share/nginx/html/sistema_biometrico/services/AICompletoService.php línea 280
URI: N/A
--------------------------------------------------------------------------------
[2026-03-25 22:00:45] [DEPRECATED] Implicit conversion from float 1774446462.5714285 to int loses precision en /usr/share/nginx/html/sistema_biometrico/services/AICompletoService.php línea 301
URI: N/A
--------------------------------------------------------------------------------
