[2026-03-01 20:17:19] [WARNING] Undefined array key "username" en /usr/share/nginx/html/sistema_biometrico/views/layout.php línea 575
URI: N/A
--------------------------------------------------------------------------------
[2026-03-01 20:17:19] [DEPRECATED] substr(): Passing null to parameter #1 ($string) of type string is deprecated en /usr/share/nginx/html/sistema_biometrico/views/layout.php línea 575
URI: N/A
--------------------------------------------------------------------------------
[2026-03-01 20:18:38] [WARNING] Undefined array key "username" en /usr/share/nginx/html/sistema_biometrico/views/layout.php línea 575
URI: N/A
--------------------------------------------------------------------------------
[2026-03-01 20:18:38] [DEPRECATED] substr(): Passing null to parameter #1 ($string) of type string is deprecated en /usr/share/nginx/html/sistema_biometrico/views/layout.php línea 575
URI: N/A
--------------------------------------------------------------------------------
[2026-03-01 20:22:12] [WARNING] Undefined array key "username" en /usr/share/nginx/html/sistema_biometrico/views/layout.php línea 575
URI: N/A
--------------------------------------------------------------------------------
[2026-03-01 20:22:12] [DEPRECATED] substr(): Passing null to parameter #1 ($string) of type string is deprecated en /usr/share/nginx/html/sistema_biometrico/views/layout.php línea 575
URI: N/A
--------------------------------------------------------------------------------
[2026-03-01 20:23:08] [WARNING] Undefined array key "username" en /usr/share/nginx/html/sistema_biometrico/views/layout.php línea 575
URI: N/A
--------------------------------------------------------------------------------
[2026-03-01 20:23:08] [DEPRECATED] substr(): Passing null to parameter #1 ($string) of type string is deprecated en /usr/share/nginx/html/sistema_biometrico/views/layout.php línea 575
URI: N/A
--------------------------------------------------------------------------------
[2026-03-01 20:25:09] [WARNING] Undefined array key "username" en /usr/share/nginx/html/sistema_biometrico/views/layout.php línea 575
URI: N/A
--------------------------------------------------------------------------------
[2026-03-01 20:25:09] [DEPRECATED] substr(): Passing null to parameter #1 ($string) of type string is deprecated en /usr/share/nginx/html/sistema_biometrico/views/layout.php línea 575
URI: N/A
--------------------------------------------------------------------------------
[2026-03-01 20:27:45] [WARNING] Undefined array key "username" en /usr/share/nginx/html/sistema_biometrico/views/layout.php línea 575
URI: N/A
--------------------------------------------------------------------------------
[2026-03-01 20:27:45] [DEPRECATED] substr(): Passing null to parameter #1 ($string) of type string is deprecated en /usr/share/nginx/html/sistema_biometrico/views/layout.php línea 575
URI: N/A
--------------------------------------------------------------------------------
[2026-03-01 20:27:57] [WARNING] Undefined array key "username" en /usr/share/nginx/html/sistema_biometrico/views/layout.php línea 575
URI: N/A
--------------------------------------------------------------------------------
[2026-03-01 20:27:57] [DEPRECATED] substr(): Passing null to parameter #1 ($string) of type string is deprecated en /usr/share/nginx/html/sistema_biometrico/views/layout.php línea 575
URI: N/A
--------------------------------------------------------------------------------
[2026-03-01 20:45:32] [WARNING] Undefined array key "username" en /usr/share/nginx/html/sistema_biometrico/views/layout.php línea 575
URI: N/A
--------------------------------------------------------------------------------
[2026-03-01 20:45:32] [DEPRECATED] substr(): Passing null to parameter #1 ($string) of type string is deprecated en /usr/share/nginx/html/sistema_biometrico/views/layout.php línea 575
URI: N/A
--------------------------------------------------------------------------------
[2026-03-01 20:48:27] [WARNING] Undefined array key "username" en /usr/share/nginx/html/sistema_biometrico/views/layout.php línea 575
URI: N/A
--------------------------------------------------------------------------------
[2026-03-01 20:48:27] [DEPRECATED] substr(): Passing null to parameter #1 ($string) of type string is deprecated en /usr/share/nginx/html/sistema_biometrico/views/layout.php línea 575
URI: N/A
--------------------------------------------------------------------------------
[2026-03-01 20:50:00] [EXCEPTION] PDOException
Contexto: {"action":"resumenCompleto","empleado_id":828,"loading":"diasEconomicos"}
Mensaje: SQLSTATE[42S22]: Column not found: 1054 Unknown column 'fecha_solicitud' in 'ORDER BY'
URI: N/A
Archivo: /usr/share/nginx/html/sistema_biometrico/models/DiasEconomicos.php Línea: 126
#0 /usr/share/nginx/html/sistema_biometrico/models/DiasEconomicos.php(126): PDO->prepare()
#1 /usr/share/nginx/html/sistema_biometrico/controllers/EmpleadoController.php(353): DiasEconomicos->getByEmpleado()
#2 Command line code(15): EmpleadoController->resumenCompleto()
#3 {main}
--------------------------------------------------------------------------------
[2026-03-01 21:28:04] [EXCEPTION] PDOException
Contexto: {"action":"resumenCompleto","empleado_id":828,"loading":"diasEconomicos"}
Mensaje: SQLSTATE[42S22]: Column not found: 1054 Unknown column 'fecha_solicitud' in 'ORDER BY'
URI: N/A
Archivo: /usr/share/nginx/html/sistema_biometrico/models/DiasEconomicos.php Línea: 126
#0 /usr/share/nginx/html/sistema_biometrico/models/DiasEconomicos.php(126): PDO->prepare()
#1 /usr/share/nginx/html/sistema_biometrico/controllers/EmpleadoController.php(353): DiasEconomicos->getByEmpleado()
#2 Command line code(14): EmpleadoController->resumenCompleto()
#3 {main}
--------------------------------------------------------------------------------
[2026-03-01 22:36:19] [EXCEPTION] PDOException
Contexto: {"action":"resumenCompleto","empleado_id":828,"loading":"diasEconomicos"}
Mensaje: SQLSTATE[42S22]: Column not found: 1054 Unknown column 'fecha_solicitud' in 'ORDER BY'
URI: N/A
Archivo: /usr/share/nginx/html/sistema_biometrico/models/DiasEconomicos.php Línea: 126
#0 /usr/share/nginx/html/sistema_biometrico/models/DiasEconomicos.php(126): PDO->prepare()
#1 /usr/share/nginx/html/sistema_biometrico/controllers/EmpleadoController.php(353): DiasEconomicos->getByEmpleado()
#2 Command line code(11): EmpleadoController->resumenCompleto()
#3 {main}
--------------------------------------------------------------------------------
[2026-03-01 22:37:27] [EXCEPTION] PDOException
Contexto: {"action":"resumenCompleto","empleado_id":828,"loading":"diasEconomicos"}
Mensaje: SQLSTATE[42S22]: Column not found: 1054 Unknown column 'fecha_solicitud' in 'ORDER BY'
URI: N/A
Archivo: /usr/share/nginx/html/sistema_biometrico/models/DiasEconomicos.php Línea: 126
#0 /usr/share/nginx/html/sistema_biometrico/models/DiasEconomicos.php(126): PDO->prepare()
#1 /usr/share/nginx/html/sistema_biometrico/controllers/EmpleadoController.php(353): DiasEconomicos->getByEmpleado()
#2 Command line code(11): EmpleadoController->resumenCompleto()
#3 {main}
--------------------------------------------------------------------------------
[2026-03-01 22:59:22] [EXCEPTION] PDOException
Contexto: {"action":"index","section":"comisiones"}
Mensaje: SQLSTATE[42S22]: Column not found: 1054 Unknown column 'monto' in 'SELECT'
URI: /sistema_biometrico/dashboard
Archivo: /usr/share/nginx/html/sistema_biometrico/models/Comision.php Línea: 116
#0 /usr/share/nginx/html/sistema_biometrico/models/Comision.php(116): PDO->prepare()
#1 /usr/share/nginx/html/sistema_biometrico/controllers/DashboardController.php(81): Comision->getTotalComisiones()
#2 /usr/share/nginx/html/sistema_biometrico/index.php(121): DashboardController->index()
#3 {main}
--------------------------------------------------------------------------------
[2026-03-01 22:59:32] [EXCEPTION] PDOException
Contexto: {"action":"resumenCompleto","empleado_id":"828","loading":"diasEconomicos"}
Mensaje: SQLSTATE[42S22]: Column not found: 1054 Unknown column 'fecha_solicitud' in 'ORDER BY'
URI: /sistema_biometrico/empleados/datos-completos/828
Archivo: /usr/share/nginx/html/sistema_biometrico/models/DiasEconomicos.php Línea: 126
#0 /usr/share/nginx/html/sistema_biometrico/models/DiasEconomicos.php(126): PDO->prepare()
#1 /usr/share/nginx/html/sistema_biometrico/controllers/EmpleadoController.php(353): DiasEconomicos->getByEmpleado()
#2 /usr/share/nginx/html/sistema_biometrico/controllers/EmpleadoController.php(875): EmpleadoController->resumenCompleto()
#3 /usr/share/nginx/html/sistema_biometrico/index.php(121): EmpleadoController->datosCompletos()
#4 {main}
--------------------------------------------------------------------------------
[2026-03-01 22:59:57] [EXCEPTION] PDOException
Contexto: {"action":"resumenCompleto","empleado_id":"828","loading":"diasEconomicos"}
Mensaje: SQLSTATE[42S22]: Column not found: 1054 Unknown column 'fecha_solicitud' in 'ORDER BY'
URI: /sistema_biometrico/empleados/datos-completos/828
Archivo: /usr/share/nginx/html/sistema_biometrico/models/DiasEconomicos.php Línea: 126
#0 /usr/share/nginx/html/sistema_biometrico/models/DiasEconomicos.php(126): PDO->prepare()
#1 /usr/share/nginx/html/sistema_biometrico/controllers/EmpleadoController.php(353): DiasEconomicos->getByEmpleado()
#2 /usr/share/nginx/html/sistema_biometrico/controllers/EmpleadoController.php(875): EmpleadoController->resumenCompleto()
#3 /usr/share/nginx/html/sistema_biometrico/index.php(121): EmpleadoController->datosCompletos()
#4 {main}
--------------------------------------------------------------------------------
[2026-03-01 23:09:59] [EXCEPTION] PDOException
Contexto: {"action":"resumenCompleto","empleado_id":828,"loading":"diasEconomicos"}
Mensaje: SQLSTATE[42S22]: Column not found: 1054 Unknown column 'fecha_solicitud' in 'ORDER BY'
URI: N/A
Archivo: /usr/share/nginx/html/sistema_biometrico/models/DiasEconomicos.php Línea: 126
#0 /usr/share/nginx/html/sistema_biometrico/models/DiasEconomicos.php(126): PDO->prepare()
#1 /usr/share/nginx/html/sistema_biometrico/controllers/EmpleadoController.php(353): DiasEconomicos->getByEmpleado()
#2 Command line code(11): EmpleadoController->resumenCompleto()
#3 {main}
--------------------------------------------------------------------------------
[2026-03-01 23:10:13] [EXCEPTION] PDOException
Contexto: {"action":"resumenCompleto","empleado_id":828,"loading":"diasEconomicos"}
Mensaje: SQLSTATE[42S22]: Column not found: 1054 Unknown column 'fecha_solicitud' in 'ORDER BY'
URI: N/A
Archivo: /usr/share/nginx/html/sistema_biometrico/models/DiasEconomicos.php Línea: 126
#0 /usr/share/nginx/html/sistema_biometrico/models/DiasEconomicos.php(126): PDO->prepare()
#1 /usr/share/nginx/html/sistema_biometrico/controllers/EmpleadoController.php(353): DiasEconomicos->getByEmpleado()
#2 Command line code(10): EmpleadoController->resumenCompleto()
#3 {main}
--------------------------------------------------------------------------------
