[2026-04-08 00:11:32] [WARNING] session_start(): Session cannot be started after headers have already been sent en /usr/share/nginx/html/sistema_biometrico/controllers/BaseController.php línea 8
URI: N/A
--------------------------------------------------------------------------------
[2026-04-08 00:11:32] [WARNING] http_response_code(): Cannot set response code - headers already sent (output started at Command line code:6) en /usr/share/nginx/html/sistema_biometrico/controllers/BaseController.php línea 63
URI: N/A
--------------------------------------------------------------------------------
[2026-04-08 00:11:32] [WARNING] Cannot modify header information - headers already sent by (output started at Command line code:6) en /usr/share/nginx/html/sistema_biometrico/controllers/BaseController.php línea 64
URI: N/A
--------------------------------------------------------------------------------
[2026-04-08 00:11:32] [WARNING] Cannot modify header information - headers already sent by (output started at Command line code:6) en /usr/share/nginx/html/sistema_biometrico/controllers/BaseController.php línea 65
URI: N/A
--------------------------------------------------------------------------------
[2026-04-08 17:00:17] [EXCEPTION] PDOException
Mensaje: SQLSTATE[01000]: Warning: 1265 Data truncated for column 'tipo_asistencia' at row 1
URI: N/A
#0 /usr/share/nginx/html/sistema_biometrico/import_excel_dgifa.php(379): PDOStatement->execute()
#1 /usr/share/nginx/html/sistema_biometrico/import_excel_dgifa.php(461): ImportadorExcel->importFromExcel()
#2 {main}
[2026-04-08 17:00:22] [EXCEPTION] PDOException
Mensaje: SQLSTATE[01000]: Warning: 1265 Data truncated for column 'tipo_asistencia' at row 1
URI: N/A
#0 /usr/share/nginx/html/sistema_biometrico/import_excel_dgifa.php(379): PDOStatement->execute()
#1 /usr/share/nginx/html/sistema_biometrico/import_excel_dgifa.php(461): ImportadorExcel->importFromExcel()
#2 {main}
[2026-04-08 17:00:27] [EXCEPTION] PDOException
Mensaje: SQLSTATE[01000]: Warning: 1265 Data truncated for column 'tipo_asistencia' at row 1
URI: N/A
#0 /usr/share/nginx/html/sistema_biometrico/import_excel_dgifa.php(379): PDOStatement->execute()
#1 /usr/share/nginx/html/sistema_biometrico/import_excel_dgifa.php(461): ImportadorExcel->importFromExcel()
#2 {main}
[2026-04-08 17:00:33] [EXCEPTION] PDOException
Mensaje: SQLSTATE[01000]: Warning: 1265 Data truncated for column 'tipo_asistencia' at row 1
URI: N/A
#0 /usr/share/nginx/html/sistema_biometrico/import_excel_dgifa.php(379): PDOStatement->execute()
#1 /usr/share/nginx/html/sistema_biometrico/import_excel_dgifa.php(461): ImportadorExcel->importFromExcel()
#2 {main}
[2026-04-08 17:00:52] [EXCEPTION] PDOException
Mensaje: SQLSTATE[01000]: Warning: 1265 Data truncated for column 'tipo_asistencia' at row 1
URI: N/A
#0 /usr/share/nginx/html/sistema_biometrico/import_excel_dgifa.php(379): PDOStatement->execute()
#1 /usr/share/nginx/html/sistema_biometrico/import_excel_dgifa.php(461): ImportadorExcel->importFromExcel()
#2 {main}
[2026-04-08 17:00:58] [EXCEPTION] PDOException
Mensaje: SQLSTATE[01000]: Warning: 1265 Data truncated for column 'tipo_asistencia' at row 1
URI: N/A
#0 /usr/share/nginx/html/sistema_biometrico/import_excel_dgifa.php(379): PDOStatement->execute()
#1 /usr/share/nginx/html/sistema_biometrico/import_excel_dgifa.php(461): ImportadorExcel->importFromExcel()
#2 {main}
[2026-04-08 17:01:07] [EXCEPTION] PDOException
Mensaje: SQLSTATE[01000]: Warning: 1265 Data truncated for column 'tipo_asistencia' at row 1
URI: N/A
#0 /usr/share/nginx/html/sistema_biometrico/import_excel_dgifa.php(379): PDOStatement->execute()
#1 /usr/share/nginx/html/sistema_biometrico/import_excel_dgifa.php(461): ImportadorExcel->importFromExcel()
#2 {main}
[2026-04-08 17:01:12] [EXCEPTION] PDOException
Mensaje: SQLSTATE[01000]: Warning: 1265 Data truncated for column 'tipo_asistencia' at row 1
URI: N/A
#0 /usr/share/nginx/html/sistema_biometrico/import_excel_dgifa.php(379): PDOStatement->execute()
#1 /usr/share/nginx/html/sistema_biometrico/import_excel_dgifa.php(461): ImportadorExcel->importFromExcel()
#2 {main}
[2026-04-08 17:01:26] [EXCEPTION] PDOException
Mensaje: SQLSTATE[01000]: Warning: 1265 Data truncated for column 'tipo_asistencia' at row 1
URI: N/A
#0 /usr/share/nginx/html/sistema_biometrico/import_excel_dgifa.php(380): PDOStatement->execute()
#1 /usr/share/nginx/html/sistema_biometrico/import_excel_dgifa.php(462): ImportadorExcel->importFromExcel()
#2 {main}
[2026-04-08 17:01:38] [EXCEPTION] PDOException
Mensaje: SQLSTATE[01000]: Warning: 1265 Data truncated for column 'tipo_asistencia' at row 1
URI: N/A
#0 /usr/share/nginx/html/sistema_biometrico/import_excel_dgifa.php(386): PDOStatement->execute()
#1 /usr/share/nginx/html/sistema_biometrico/import_excel_dgifa.php(468): ImportadorExcel->importFromExcel()
#2 {main}
[2026-04-08 17:02:43] [EXCEPTION] PDOException
Mensaje: SQLSTATE[01000]: Warning: 1265 Data truncated for column 'tipo_asistencia' at row 1
URI: N/A
#0 /usr/share/nginx/html/sistema_biometrico/import_excel_dgifa.php(380): PDOStatement->execute()
#1 /usr/share/nginx/html/sistema_biometrico/import_excel_dgifa.php(462): ImportadorExcel->importFromExcel()
#2 {main}
[2026-04-08 17:02:48] [EXCEPTION] PDOException
Mensaje: SQLSTATE[01000]: Warning: 1265 Data truncated for column 'tipo_asistencia' at row 1
URI: N/A
#0 /usr/share/nginx/html/sistema_biometrico/import_excel_dgifa.php(380): PDOStatement->execute()
#1 /usr/share/nginx/html/sistema_biometrico/import_excel_dgifa.php(462): ImportadorExcel->importFromExcel()
#2 {main}
[2026-04-08 17:02:59] [EXCEPTION] PDOException
Mensaje: SQLSTATE[01000]: Warning: 1265 Data truncated for column 'tipo_asistencia' at row 1
URI: N/A
#0 /usr/share/nginx/html/sistema_biometrico/import_excel_dgifa.php(380): PDOStatement->execute()
#1 /usr/share/nginx/html/sistema_biometrico/import_excel_dgifa.php(464): ImportadorExcel->importFromExcel()
#2 {main}
[2026-04-08 17:03:25] [FATAL_ERROR] Uncaught PDOException: SQLSTATE[22007]: Invalid datetime format: 1292 Incorrect date value: '02/01/2026' for column `sistema_biometrico`.`asistencia`.`fecha` at row 1 in Command line code:27
Stack trace:
#0 Command line code(27): PDOStatement->execute()
#1 {main}
  thrown en Command line code línea 27
URI: N/A
--------------------------------------------------------------------------------
[2026-04-08 17:03:34] [FATAL_ERROR] Uncaught PDOException: SQLSTATE[22007]: Invalid datetime format: 1292 Incorrect time value: '' for column `sistema_biometrico`.`asistencia`.`hora_entrada` at row 1 in Command line code:35
Stack trace:
#0 Command line code(35): PDOStatement->execute()
#1 {main}
  thrown en Command line code línea 35
URI: N/A
--------------------------------------------------------------------------------
[2026-04-08 17:22:16] [FATAL_ERROR] Uncaught PDOException: SQLSTATE[22007]: Invalid datetime format: 1366 Incorrect integer value: 'sistema' for column `sistema_biometrico`.`retardos`.`validado_por_jefe` at row 1 in Command line code:49
Stack trace:
#0 Command line code(49): PDOStatement->execute()
#1 {main}
  thrown en Command line code línea 49
URI: N/A
--------------------------------------------------------------------------------
[2026-04-08 17:23:44] [FATAL_ERROR] Uncaught PDOException: SQLSTATE[HY093]: Invalid parameter number in Command line code:62
Stack trace:
#0 Command line code(62): PDOStatement->execute()
#1 {main}
  thrown en Command line code línea 62
URI: N/A
--------------------------------------------------------------------------------
[2026-04-08 17:24:02] [FATAL_ERROR] Allowed memory size of 536870912 bytes exhausted (tried to allocate 4096 bytes) en /usr/share/nginx/html/sistema_biometrico/vendor/phpoffice/phpspreadsheet/src/PhpSpreadsheet/Worksheet/Worksheet.php línea 1305
URI: N/A
--------------------------------------------------------------------------------
[2026-04-08 17:24:32] [FATAL_ERROR] Allowed memory size of 268435456 bytes exhausted (tried to allocate 4096 bytes) en /usr/share/nginx/html/sistema_biometrico/vendor/phpoffice/phpspreadsheet/src/PhpSpreadsheet/Worksheet/Worksheet.php línea 1287
URI: N/A
--------------------------------------------------------------------------------
[2026-04-08 17:51:46] [EXCEPTION] PDOException
Mensaje: SQLSTATE[01000]: Warning: 1265 Data truncated for column 'tipo_asistencia' at row 1
URI: N/A
#0 /usr/share/nginx/html/sistema_biometrico/import_excel_dgifa.php(381): PDOStatement->execute()
#1 /usr/share/nginx/html/sistema_biometrico/import_excel_dgifa.php(465): ImportadorExcel->importFromExcel()
#2 {main}
