[2026-02-27 16:16:26] [EXCEPTION] PDOException
Contexto: {"action":"index","section":"comisiones"}
Mensaje: SQLSTATE[42S22]: Column not found: 1054 Unknown column 'monto' in 'SELECT'
URI: /sistema_biometrico/dashboard
Archivo: C:\tools\nginx\html\sistema_biometrico\models\Comision.php Línea: 116
#0 C:\tools\nginx\html\sistema_biometrico\models\Comision.php(116): PDO->prepare('SELECT SUM(mont...')
#1 C:\tools\nginx\html\sistema_biometrico\controllers\DashboardController.php(81): Comision->getTotalComisiones(NULL, '02', '2026')
#2 C:\tools\nginx\html\sistema_biometrico\index.php(111): DashboardController->index()
#3 {main}
--------------------------------------------------------------------------------
[2026-02-27 16:16:42] [EXCEPTION] PDOException
Contexto: {"action":"index","section":"comisiones"}
Mensaje: SQLSTATE[42S22]: Column not found: 1054 Unknown column 'monto' in 'SELECT'
URI: /sistema_biometrico/dashboard
Archivo: C:\tools\nginx\html\sistema_biometrico\models\Comision.php Línea: 116
#0 C:\tools\nginx\html\sistema_biometrico\models\Comision.php(116): PDO->prepare('SELECT SUM(mont...')
#1 C:\tools\nginx\html\sistema_biometrico\controllers\DashboardController.php(81): Comision->getTotalComisiones(NULL, '02', '2026')
#2 C:\tools\nginx\html\sistema_biometrico\index.php(111): DashboardController->index()
#3 {main}
--------------------------------------------------------------------------------
[2026-02-27 16:16:49] [EXCEPTION] PDOException
Contexto: {"action":"resumenCompleto","empleado_id":"12","loading":"diasEconomicos"}
Mensaje: SQLSTATE[42S22]: Column not found: 1054 Unknown column 'fecha_solicitud' in 'ORDER BY'
URI: /sistema_biometrico/empleados/datos-completos/12
Archivo: C:\tools\nginx\html\sistema_biometrico\models\DiasEconomicos.php Línea: 126
#0 C:\tools\nginx\html\sistema_biometrico\models\DiasEconomicos.php(126): PDO->prepare('\n            SE...')
#1 C:\tools\nginx\html\sistema_biometrico\controllers\EmpleadoController.php(353): DiasEconomicos->getByEmpleado('12')
#2 C:\tools\nginx\html\sistema_biometrico\controllers\EmpleadoController.php(875): EmpleadoController->resumenCompleto('12')
#3 C:\tools\nginx\html\sistema_biometrico\index.php(111): EmpleadoController->datosCompletos('12')
#4 {main}
--------------------------------------------------------------------------------
[2026-02-27 16:17:20] [EXCEPTION] PDOException
Contexto: {"action":"resumenCompleto","empleado_id":"12","loading":"diasEconomicos"}
Mensaje: SQLSTATE[42S22]: Column not found: 1054 Unknown column 'fecha_solicitud' in 'ORDER BY'
URI: /sistema_biometrico/empleados/datos-completos/12
Archivo: C:\tools\nginx\html\sistema_biometrico\models\DiasEconomicos.php Línea: 126
#0 C:\tools\nginx\html\sistema_biometrico\models\DiasEconomicos.php(126): PDO->prepare('\n            SE...')
#1 C:\tools\nginx\html\sistema_biometrico\controllers\EmpleadoController.php(353): DiasEconomicos->getByEmpleado('12')
#2 C:\tools\nginx\html\sistema_biometrico\controllers\EmpleadoController.php(875): EmpleadoController->resumenCompleto('12')
#3 C:\tools\nginx\html\sistema_biometrico\index.php(111): EmpleadoController->datosCompletos('12')
#4 {main}
--------------------------------------------------------------------------------
[2026-02-27 16:18:27] [EXCEPTION] PDOException
Contexto: {"action":"resumenCompleto","empleado_id":"12","loading":"diasEconomicos"}
Mensaje: SQLSTATE[42S22]: Column not found: 1054 Unknown column 'fecha_solicitud' in 'ORDER BY'
URI: /sistema_biometrico/empleados/datos-completos/12
Archivo: C:\tools\nginx\html\sistema_biometrico\models\DiasEconomicos.php Línea: 126
#0 C:\tools\nginx\html\sistema_biometrico\models\DiasEconomicos.php(126): PDO->prepare('\n            SE...')
#1 C:\tools\nginx\html\sistema_biometrico\controllers\EmpleadoController.php(353): DiasEconomicos->getByEmpleado('12')
#2 C:\tools\nginx\html\sistema_biometrico\controllers\EmpleadoController.php(875): EmpleadoController->resumenCompleto('12')
#3 C:\tools\nginx\html\sistema_biometrico\index.php(111): EmpleadoController->datosCompletos('12')
#4 {main}
--------------------------------------------------------------------------------
[2026-02-27 16:19:04] [EXCEPTION] PDOException
Contexto: {"action":"resumenCompleto","empleado_id":"12","loading":"diasEconomicos"}
Mensaje: SQLSTATE[42S22]: Column not found: 1054 Unknown column 'fecha_solicitud' in 'ORDER BY'
URI: /sistema_biometrico/empleados/datos-completos/12
Archivo: C:\tools\nginx\html\sistema_biometrico\models\DiasEconomicos.php Línea: 126
#0 C:\tools\nginx\html\sistema_biometrico\models\DiasEconomicos.php(126): PDO->prepare('\n            SE...')
#1 C:\tools\nginx\html\sistema_biometrico\controllers\EmpleadoController.php(353): DiasEconomicos->getByEmpleado('12')
#2 C:\tools\nginx\html\sistema_biometrico\controllers\EmpleadoController.php(875): EmpleadoController->resumenCompleto('12')
#3 C:\tools\nginx\html\sistema_biometrico\index.php(111): EmpleadoController->datosCompletos('12')
#4 {main}
--------------------------------------------------------------------------------
[2026-02-27 16:19:43] [EXCEPTION] PDOException
Contexto: {"action":"resumenCompleto","empleado_id":"12","loading":"diasEconomicos"}
Mensaje: SQLSTATE[42S22]: Column not found: 1054 Unknown column 'fecha_solicitud' in 'ORDER BY'
URI: /sistema_biometrico/empleados/datos-completos/12
Archivo: C:\tools\nginx\html\sistema_biometrico\models\DiasEconomicos.php Línea: 126
#0 C:\tools\nginx\html\sistema_biometrico\models\DiasEconomicos.php(126): PDO->prepare('\n            SE...')
#1 C:\tools\nginx\html\sistema_biometrico\controllers\EmpleadoController.php(353): DiasEconomicos->getByEmpleado('12')
#2 C:\tools\nginx\html\sistema_biometrico\controllers\EmpleadoController.php(875): EmpleadoController->resumenCompleto('12')
#3 C:\tools\nginx\html\sistema_biometrico\index.php(111): EmpleadoController->datosCompletos('12')
#4 {main}
--------------------------------------------------------------------------------
[2026-02-27 16:37:11] [EXCEPTION] PDOException
Contexto: {"action":"resumenCompleto","empleado_id":"12","loading":"diasEconomicos"}
Mensaje: SQLSTATE[42S22]: Column not found: 1054 Unknown column 'fecha_solicitud' in 'ORDER BY'
URI: /sistema_biometrico/empleados/datos-completos/12
Archivo: C:\tools\nginx\html\sistema_biometrico\models\DiasEconomicos.php Línea: 126
#0 C:\tools\nginx\html\sistema_biometrico\models\DiasEconomicos.php(126): PDO->prepare('\n            SE...')
#1 C:\tools\nginx\html\sistema_biometrico\controllers\EmpleadoController.php(353): DiasEconomicos->getByEmpleado('12')
#2 C:\tools\nginx\html\sistema_biometrico\controllers\EmpleadoController.php(875): EmpleadoController->resumenCompleto('12')
#3 C:\tools\nginx\html\sistema_biometrico\index.php(111): EmpleadoController->datosCompletos('12')
#4 {main}
--------------------------------------------------------------------------------
[2026-02-27 16:37:29] [EXCEPTION] PDOException
Contexto: {"action":"resumenCompleto","empleado_id":"12","loading":"diasEconomicos"}
Mensaje: SQLSTATE[42S22]: Column not found: 1054 Unknown column 'fecha_solicitud' in 'ORDER BY'
URI: /sistema_biometrico/empleados/datos-completos/12
Archivo: C:\tools\nginx\html\sistema_biometrico\models\DiasEconomicos.php Línea: 126
#0 C:\tools\nginx\html\sistema_biometrico\models\DiasEconomicos.php(126): PDO->prepare('\n            SE...')
#1 C:\tools\nginx\html\sistema_biometrico\controllers\EmpleadoController.php(353): DiasEconomicos->getByEmpleado('12')
#2 C:\tools\nginx\html\sistema_biometrico\controllers\EmpleadoController.php(875): EmpleadoController->resumenCompleto('12')
#3 C:\tools\nginx\html\sistema_biometrico\index.php(111): EmpleadoController->datosCompletos('12')
#4 {main}
--------------------------------------------------------------------------------
[2026-02-27 16:41:06] [EXCEPTION] PDOException
Contexto: {"action":"resumenCompleto","empleado_id":"12","loading":"diasEconomicos"}
Mensaje: SQLSTATE[42S22]: Column not found: 1054 Unknown column 'fecha_solicitud' in 'ORDER BY'
URI: /sistema_biometrico/empleados/datos-completos/12
Archivo: C:\tools\nginx\html\sistema_biometrico\models\DiasEconomicos.php Línea: 126
#0 C:\tools\nginx\html\sistema_biometrico\models\DiasEconomicos.php(126): PDO->prepare('\n            SE...')
#1 C:\tools\nginx\html\sistema_biometrico\controllers\EmpleadoController.php(353): DiasEconomicos->getByEmpleado('12')
#2 C:\tools\nginx\html\sistema_biometrico\controllers\EmpleadoController.php(875): EmpleadoController->resumenCompleto('12')
#3 C:\tools\nginx\html\sistema_biometrico\index.php(111): EmpleadoController->datosCompletos('12')
#4 {main}
--------------------------------------------------------------------------------
[2026-02-27 16:56:00] [EXCEPTION] PDOException
Contexto: {"action":"index","section":"comisiones"}
Mensaje: SQLSTATE[42S22]: Column not found: 1054 Unknown column 'monto' in 'SELECT'
URI: /sistema_biometrico/dashboard
Archivo: C:\tools\nginx\html\sistema_biometrico\models\Comision.php Línea: 116
#0 C:\tools\nginx\html\sistema_biometrico\models\Comision.php(116): PDO->prepare('SELECT SUM(mont...')
#1 C:\tools\nginx\html\sistema_biometrico\controllers\DashboardController.php(81): Comision->getTotalComisiones(NULL, '02', '2026')
#2 C:\tools\nginx\html\sistema_biometrico\index.php(111): DashboardController->index()
#3 {main}
--------------------------------------------------------------------------------
[2026-02-27 16:58:55] [EXCEPTION] PDOException
Contexto: {"action":"index","section":"comisiones"}
Mensaje: SQLSTATE[42S22]: Column not found: 1054 Unknown column 'monto' in 'SELECT'
URI: /sistema_biometrico/dashboard
Archivo: C:\tools\nginx\html\sistema_biometrico\models\Comision.php Línea: 116
#0 C:\tools\nginx\html\sistema_biometrico\models\Comision.php(116): PDO->prepare('SELECT SUM(mont...')
#1 C:\tools\nginx\html\sistema_biometrico\controllers\DashboardController.php(81): Comision->getTotalComisiones(NULL, '02', '2026')
#2 C:\tools\nginx\html\sistema_biometrico\index.php(111): DashboardController->index()
#3 {main}
--------------------------------------------------------------------------------
[2026-02-27 17:00:11] [EXCEPTION] PDOException
Contexto: {"action":"resumenCompleto","empleado_id":"828","loading":"diasEconomicos"}
Mensaje: SQLSTATE[42S22]: Column not found: 1054 Unknown column 'fecha_solicitud' in 'ORDER BY'
URI: /sistema_biometrico/empleados/datos-completos/828
Archivo: C:\tools\nginx\html\sistema_biometrico\models\DiasEconomicos.php Línea: 126
#0 C:\tools\nginx\html\sistema_biometrico\models\DiasEconomicos.php(126): PDO->prepare('\n            SE...')
#1 C:\tools\nginx\html\sistema_biometrico\controllers\EmpleadoController.php(353): DiasEconomicos->getByEmpleado('828')
#2 C:\tools\nginx\html\sistema_biometrico\controllers\EmpleadoController.php(875): EmpleadoController->resumenCompleto('828')
#3 C:\tools\nginx\html\sistema_biometrico\index.php(111): EmpleadoController->datosCompletos('828')
#4 {main}
--------------------------------------------------------------------------------
[2026-02-27 17:01:01] [EXCEPTION] PDOException
Contexto: {"action":"resumenCompleto","empleado_id":"828","loading":"diasEconomicos"}
Mensaje: SQLSTATE[42S22]: Column not found: 1054 Unknown column 'fecha_solicitud' in 'ORDER BY'
URI: /sistema_biometrico/empleados/datos-completos/828
Archivo: C:\tools\nginx\html\sistema_biometrico\models\DiasEconomicos.php Línea: 126
#0 C:\tools\nginx\html\sistema_biometrico\models\DiasEconomicos.php(126): PDO->prepare('\n            SE...')
#1 C:\tools\nginx\html\sistema_biometrico\controllers\EmpleadoController.php(353): DiasEconomicos->getByEmpleado('828')
#2 C:\tools\nginx\html\sistema_biometrico\controllers\EmpleadoController.php(875): EmpleadoController->resumenCompleto('828')
#3 C:\tools\nginx\html\sistema_biometrico\index.php(111): EmpleadoController->datosCompletos('828')
#4 {main}
--------------------------------------------------------------------------------
[2026-02-27 17:04:41] [EXCEPTION] PDOException
Contexto: {"action":"resumenCompleto","empleado_id":"828","loading":"diasEconomicos"}
Mensaje: SQLSTATE[42S22]: Column not found: 1054 Unknown column 'fecha_solicitud' in 'ORDER BY'
URI: /sistema_biometrico/empleados/datos-completos/828
Archivo: C:\tools\nginx\html\sistema_biometrico\models\DiasEconomicos.php Línea: 126
#0 C:\tools\nginx\html\sistema_biometrico\models\DiasEconomicos.php(126): PDO->prepare('\n            SE...')
#1 C:\tools\nginx\html\sistema_biometrico\controllers\EmpleadoController.php(353): DiasEconomicos->getByEmpleado('828')
#2 C:\tools\nginx\html\sistema_biometrico\controllers\EmpleadoController.php(875): EmpleadoController->resumenCompleto('828')
#3 C:\tools\nginx\html\sistema_biometrico\index.php(111): EmpleadoController->datosCompletos('828')
#4 {main}
--------------------------------------------------------------------------------
[2026-02-27 17:05:01] [EXCEPTION] PDOException
Contexto: {"action":"resumenCompleto","empleado_id":"828","loading":"diasEconomicos"}
Mensaje: SQLSTATE[42S22]: Column not found: 1054 Unknown column 'fecha_solicitud' in 'ORDER BY'
URI: /sistema_biometrico/empleados/datos-completos/828
Archivo: C:\tools\nginx\html\sistema_biometrico\models\DiasEconomicos.php Línea: 126
#0 C:\tools\nginx\html\sistema_biometrico\models\DiasEconomicos.php(126): PDO->prepare('\n            SE...')
#1 C:\tools\nginx\html\sistema_biometrico\controllers\EmpleadoController.php(353): DiasEconomicos->getByEmpleado('828')
#2 C:\tools\nginx\html\sistema_biometrico\controllers\EmpleadoController.php(875): EmpleadoController->resumenCompleto('828')
#3 C:\tools\nginx\html\sistema_biometrico\index.php(111): EmpleadoController->datosCompletos('828')
#4 {main}
--------------------------------------------------------------------------------
[2026-02-27 17:08:08] [EXCEPTION] PDOException
Contexto: {"action":"resumenCompleto","empleado_id":"828","loading":"diasEconomicos"}
Mensaje: SQLSTATE[42S22]: Column not found: 1054 Unknown column 'fecha_solicitud' in 'ORDER BY'
URI: /sistema_biometrico/empleados/datos-completos/828
Archivo: C:\tools\nginx\html\sistema_biometrico\models\DiasEconomicos.php Línea: 126
#0 C:\tools\nginx\html\sistema_biometrico\models\DiasEconomicos.php(126): PDO->prepare('\n            SE...')
#1 C:\tools\nginx\html\sistema_biometrico\controllers\EmpleadoController.php(353): DiasEconomicos->getByEmpleado('828')
#2 C:\tools\nginx\html\sistema_biometrico\controllers\EmpleadoController.php(875): EmpleadoController->resumenCompleto('828')
#3 C:\tools\nginx\html\sistema_biometrico\index.php(111): EmpleadoController->datosCompletos('828')
#4 {main}
--------------------------------------------------------------------------------
[2026-02-27 17:16:57] [EXCEPTION] PDOException
Contexto: {"action":"resumenCompleto","empleado_id":"828","loading":"diasEconomicos"}
Mensaje: SQLSTATE[42S22]: Column not found: 1054 Unknown column 'fecha_solicitud' in 'ORDER BY'
URI: /sistema_biometrico/empleados/datos-completos/828
Archivo: C:\tools\nginx\html\sistema_biometrico\models\DiasEconomicos.php Línea: 126
#0 C:\tools\nginx\html\sistema_biometrico\models\DiasEconomicos.php(126): PDO->prepare('\n            SE...')
#1 C:\tools\nginx\html\sistema_biometrico\controllers\EmpleadoController.php(353): DiasEconomicos->getByEmpleado('828')
#2 C:\tools\nginx\html\sistema_biometrico\controllers\EmpleadoController.php(875): EmpleadoController->resumenCompleto('828')
#3 C:\tools\nginx\html\sistema_biometrico\index.php(111): EmpleadoController->datosCompletos('828')
#4 {main}
--------------------------------------------------------------------------------
[2026-02-27 17:27:16] [EXCEPTION] PDOException
Contexto: {"action":"resumenCompleto","empleado_id":"828","loading":"diasEconomicos"}
Mensaje: SQLSTATE[42S22]: Column not found: 1054 Unknown column 'fecha_solicitud' in 'ORDER BY'
URI: /sistema_biometrico/empleados/datos-completos/828
Archivo: C:\tools\nginx\html\sistema_biometrico\models\DiasEconomicos.php Línea: 126
#0 C:\tools\nginx\html\sistema_biometrico\models\DiasEconomicos.php(126): PDO->prepare('\n            SE...')
#1 C:\tools\nginx\html\sistema_biometrico\controllers\EmpleadoController.php(353): DiasEconomicos->getByEmpleado('828')
#2 C:\tools\nginx\html\sistema_biometrico\controllers\EmpleadoController.php(875): EmpleadoController->resumenCompleto('828')
#3 C:\tools\nginx\html\sistema_biometrico\index.php(111): EmpleadoController->datosCompletos('828')
#4 {main}
--------------------------------------------------------------------------------
[2026-02-27 17:37:02] [EXCEPTION] PDOException
Contexto: {"action":"resumenCompleto","empleado_id":"828","loading":"diasEconomicos"}
Mensaje: SQLSTATE[42S22]: Column not found: 1054 Unknown column 'fecha_solicitud' in 'ORDER BY'
URI: /sistema_biometrico/empleados/datos-completos/828
Archivo: C:\tools\nginx\html\sistema_biometrico\models\DiasEconomicos.php Línea: 126
#0 C:\tools\nginx\html\sistema_biometrico\models\DiasEconomicos.php(126): PDO->prepare('\n            SE...')
#1 C:\tools\nginx\html\sistema_biometrico\controllers\EmpleadoController.php(353): DiasEconomicos->getByEmpleado('828')
#2 C:\tools\nginx\html\sistema_biometrico\controllers\EmpleadoController.php(875): EmpleadoController->resumenCompleto('828')
#3 C:\tools\nginx\html\sistema_biometrico\index.php(111): EmpleadoController->datosCompletos('828')
#4 {main}
--------------------------------------------------------------------------------
[2026-02-27 17:38:26] [EXCEPTION] PDOException
Contexto: {"action":"resumenCompleto","empleado_id":"828","loading":"diasEconomicos"}
Mensaje: SQLSTATE[42S22]: Column not found: 1054 Unknown column 'fecha_solicitud' in 'ORDER BY'
URI: /sistema_biometrico/empleados/datos-completos/828
Archivo: C:\tools\nginx\html\sistema_biometrico\models\DiasEconomicos.php Línea: 126
#0 C:\tools\nginx\html\sistema_biometrico\models\DiasEconomicos.php(126): PDO->prepare('\n            SE...')
#1 C:\tools\nginx\html\sistema_biometrico\controllers\EmpleadoController.php(353): DiasEconomicos->getByEmpleado('828')
#2 C:\tools\nginx\html\sistema_biometrico\controllers\EmpleadoController.php(875): EmpleadoController->resumenCompleto('828')
#3 C:\tools\nginx\html\sistema_biometrico\index.php(111): EmpleadoController->datosCompletos('828')
#4 {main}
--------------------------------------------------------------------------------
[2026-02-27 17:39:40] [FATAL_ERROR] Uncaught PDOException: SQLSTATE[42S22]: Column not found: 1054 Unknown column 'hora' in 'SELECT' in Command line code:1
Stack trace:
#0 Command line code(1): PDO->query('SELECT empleado...')
#1 {main}
  thrown en Command line code línea 1
URI: N/A
--------------------------------------------------------------------------------
[2026-02-27 17:41:21] [FATAL_ERROR] Uncaught PDOException: SQLSTATE[42S02]: Base table or view not found: 1146 Table 'sistema_biometrico.mapeo_empleados_zkteco' doesn't exist in Command line code:1
Stack trace:
#0 Command line code(1): PDO->query('SELECT * FROM m...')
#1 {main}
  thrown en Command line code línea 1
URI: N/A
--------------------------------------------------------------------------------
[2026-02-27 17:43:02] [FATAL_ERROR] Uncaught Error: Call to undefined method ZKTecoAsistenciaInserter::insertarRegistro() in Command line code:26
Stack trace:
#0 {main}
  thrown en Command line code línea 26
URI: N/A
--------------------------------------------------------------------------------
[2026-02-27 17:51:50] [EXCEPTION] PDOException
Contexto: {"action":"resumenCompleto","empleado_id":"828","loading":"diasEconomicos"}
Mensaje: SQLSTATE[42S22]: Column not found: 1054 Unknown column 'fecha_solicitud' in 'ORDER BY'
URI: /sistema_biometrico/empleados/datos-completos/828
Archivo: C:\tools\nginx\html\sistema_biometrico\models\DiasEconomicos.php Línea: 126
#0 C:\tools\nginx\html\sistema_biometrico\models\DiasEconomicos.php(126): PDO->prepare('\n            SE...')
#1 C:\tools\nginx\html\sistema_biometrico\controllers\EmpleadoController.php(353): DiasEconomicos->getByEmpleado('828')
#2 C:\tools\nginx\html\sistema_biometrico\controllers\EmpleadoController.php(875): EmpleadoController->resumenCompleto('828')
#3 C:\tools\nginx\html\sistema_biometrico\index.php(111): EmpleadoController->datosCompletos('828')
#4 {main}
--------------------------------------------------------------------------------
[2026-02-27 17:52:13] [FATAL_ERROR] Uncaught Error: Class "Database" not found in Command line code:1
Stack trace:
#0 {main}
  thrown en Command line code línea 1
URI: N/A
--------------------------------------------------------------------------------
[2026-02-27 18:03:42] [EXCEPTION] PDOException
Contexto: {"action":"resumenCompleto","empleado_id":"828","loading":"diasEconomicos"}
Mensaje: SQLSTATE[42S22]: Column not found: 1054 Unknown column 'fecha_solicitud' in 'ORDER BY'
URI: /sistema_biometrico/empleados/datos-completos/828
Archivo: C:\tools\nginx\html\sistema_biometrico\models\DiasEconomicos.php Línea: 126
#0 C:\tools\nginx\html\sistema_biometrico\models\DiasEconomicos.php(126): PDO->prepare('\n            SE...')
#1 C:\tools\nginx\html\sistema_biometrico\controllers\EmpleadoController.php(353): DiasEconomicos->getByEmpleado('828')
#2 C:\tools\nginx\html\sistema_biometrico\controllers\EmpleadoController.php(875): EmpleadoController->resumenCompleto('828')
#3 C:\tools\nginx\html\sistema_biometrico\index.php(111): EmpleadoController->datosCompletos('828')
#4 {main}
--------------------------------------------------------------------------------
[2026-02-27 18:03:51] [EXCEPTION] PDOException
Contexto: {"action":"resumenCompleto","empleado_id":"828","loading":"diasEconomicos"}
Mensaje: SQLSTATE[42S22]: Column not found: 1054 Unknown column 'fecha_solicitud' in 'ORDER BY'
URI: /sistema_biometrico/empleados/datos-completos/828
Archivo: C:\tools\nginx\html\sistema_biometrico\models\DiasEconomicos.php Línea: 126
#0 C:\tools\nginx\html\sistema_biometrico\models\DiasEconomicos.php(126): PDO->prepare('\n            SE...')
#1 C:\tools\nginx\html\sistema_biometrico\controllers\EmpleadoController.php(353): DiasEconomicos->getByEmpleado('828')
#2 C:\tools\nginx\html\sistema_biometrico\controllers\EmpleadoController.php(875): EmpleadoController->resumenCompleto('828')
#3 C:\tools\nginx\html\sistema_biometrico\index.php(111): EmpleadoController->datosCompletos('828')
#4 {main}
--------------------------------------------------------------------------------
[2026-02-27 18:07:07] [EXCEPTION] PDOException
Contexto: {"action":"resumenCompleto","empleado_id":"828","loading":"diasEconomicos"}
Mensaje: SQLSTATE[42S22]: Column not found: 1054 Unknown column 'fecha_solicitud' in 'ORDER BY'
URI: /sistema_biometrico/empleados/datos-completos/828
Archivo: C:\tools\nginx\html\sistema_biometrico\models\DiasEconomicos.php Línea: 126
#0 C:\tools\nginx\html\sistema_biometrico\models\DiasEconomicos.php(126): PDO->prepare('\n            SE...')
#1 C:\tools\nginx\html\sistema_biometrico\controllers\EmpleadoController.php(353): DiasEconomicos->getByEmpleado('828')
#2 C:\tools\nginx\html\sistema_biometrico\controllers\EmpleadoController.php(875): EmpleadoController->resumenCompleto('828')
#3 C:\tools\nginx\html\sistema_biometrico\index.php(111): EmpleadoController->datosCompletos('828')
#4 {main}
--------------------------------------------------------------------------------
[2026-02-27 18:18:49] [EXCEPTION] PDOException
Contexto: {"action":"resumenCompleto","empleado_id":"828","loading":"diasEconomicos"}
Mensaje: SQLSTATE[42S22]: Column not found: 1054 Unknown column 'fecha_solicitud' in 'ORDER BY'
URI: /sistema_biometrico/empleados/datos-completos/828
Archivo: C:\tools\nginx\html\sistema_biometrico\models\DiasEconomicos.php Línea: 126
#0 C:\tools\nginx\html\sistema_biometrico\models\DiasEconomicos.php(126): PDO->prepare('\n            SE...')
#1 C:\tools\nginx\html\sistema_biometrico\controllers\EmpleadoController.php(353): DiasEconomicos->getByEmpleado('828')
#2 C:\tools\nginx\html\sistema_biometrico\controllers\EmpleadoController.php(875): EmpleadoController->resumenCompleto('828')
#3 C:\tools\nginx\html\sistema_biometrico\index.php(111): EmpleadoController->datosCompletos('828')
#4 {main}
--------------------------------------------------------------------------------
[2026-02-27 18:22:19] [EXCEPTION] PDOException
Contexto: {"action":"resumenCompleto","empleado_id":"828","loading":"diasEconomicos"}
Mensaje: SQLSTATE[42S22]: Column not found: 1054 Unknown column 'fecha_solicitud' in 'ORDER BY'
URI: /sistema_biometrico/empleados/datos-completos/828
Archivo: C:\tools\nginx\html\sistema_biometrico\models\DiasEconomicos.php Línea: 126
#0 C:\tools\nginx\html\sistema_biometrico\models\DiasEconomicos.php(126): PDO->prepare('\n            SE...')
#1 C:\tools\nginx\html\sistema_biometrico\controllers\EmpleadoController.php(353): DiasEconomicos->getByEmpleado('828')
#2 C:\tools\nginx\html\sistema_biometrico\controllers\EmpleadoController.php(875): EmpleadoController->resumenCompleto('828')
#3 C:\tools\nginx\html\sistema_biometrico\index.php(111): EmpleadoController->datosCompletos('828')
#4 {main}
--------------------------------------------------------------------------------
[2026-02-27 18:32:07] [FATAL_ERROR] Uncaught PDOException: SQLSTATE[23000]: Integrity constraint violation: 1062 Duplicate entry '09:00:00-16:00:00' for key 'Horario' in Command line code:35
Stack trace:
#0 Command line code(35): PDOStatement->execute(Array)
#1 {main}
  thrown en Command line code línea 35
URI: N/A
--------------------------------------------------------------------------------
[2026-02-27 18:32:51] [FATAL_ERROR] Uncaught PDOException: SQLSTATE[42S22]: Column not found: 1054 Unknown column 'fecha_asignacion' in 'INSERT INTO' in Command line code:104
Stack trace:
#0 Command line code(104): PDO->prepare('INSERT INTO emp...')
#1 {main}
  thrown en Command line code línea 104
URI: N/A
--------------------------------------------------------------------------------
[2026-02-27 18:33:28] [FATAL_ERROR] Uncaught PDOException: SQLSTATE[42S22]: Column not found: 1054 Unknown column 'motivo' in 'INSERT INTO' in Command line code:27
Stack trace:
#0 Command line code(27): PDO->prepare('INSERT INTO emp...')
#1 {main}
  thrown en Command line code línea 27
URI: N/A
--------------------------------------------------------------------------------
[2026-02-27 18:33:51] [FATAL_ERROR] Uncaught PDOException: SQLSTATE[HY000]: General error: 1364 Field 'ciclo_id' doesn't have a default value in Command line code:25
Stack trace:
#0 Command line code(25): PDOStatement->execute(Array)
#1 {main}
  thrown en Command line code línea 25
URI: N/A
--------------------------------------------------------------------------------
[2026-02-27 18:35:52] [EXCEPTION] PDOException
Contexto: {"action":"resumenCompleto","empleado_id":"828","loading":"diasEconomicos"}
Mensaje: SQLSTATE[42S22]: Column not found: 1054 Unknown column 'fecha_solicitud' in 'ORDER BY'
URI: /sistema_biometrico/empleados/datos-completos/828
Archivo: C:\tools\nginx\html\sistema_biometrico\models\DiasEconomicos.php Línea: 126
#0 C:\tools\nginx\html\sistema_biometrico\models\DiasEconomicos.php(126): PDO->prepare('\n            SE...')
#1 C:\tools\nginx\html\sistema_biometrico\controllers\EmpleadoController.php(353): DiasEconomicos->getByEmpleado('828')
#2 C:\tools\nginx\html\sistema_biometrico\controllers\EmpleadoController.php(875): EmpleadoController->resumenCompleto('828')
#3 C:\tools\nginx\html\sistema_biometrico\index.php(111): EmpleadoController->datosCompletos('828')
#4 {main}
--------------------------------------------------------------------------------
[2026-02-27 18:38:14] [EXCEPTION] PDOException
Contexto: {"action":"resumenCompleto","empleado_id":"828","loading":"diasEconomicos"}
Mensaje: SQLSTATE[42S22]: Column not found: 1054 Unknown column 'fecha_solicitud' in 'ORDER BY'
URI: /sistema_biometrico/empleados/datos-completos/828
Archivo: C:\tools\nginx\html\sistema_biometrico\models\DiasEconomicos.php Línea: 126
#0 C:\tools\nginx\html\sistema_biometrico\models\DiasEconomicos.php(126): PDO->prepare('\n            SE...')
#1 C:\tools\nginx\html\sistema_biometrico\controllers\EmpleadoController.php(353): DiasEconomicos->getByEmpleado('828')
#2 C:\tools\nginx\html\sistema_biometrico\controllers\EmpleadoController.php(875): EmpleadoController->resumenCompleto('828')
#3 C:\tools\nginx\html\sistema_biometrico\index.php(111): EmpleadoController->datosCompletos('828')
#4 {main}
--------------------------------------------------------------------------------
[2026-02-27 12:55:58] [EXCEPTION] PDOException
Contexto: {"action":"index","section":"comisiones"}
Mensaje: SQLSTATE[42S22]: Column not found: 1054 Unknown column 'monto' in 'SELECT'
URI: /sistema_biometrico/dashboard
Archivo: C:\tools\nginx\html\sistema_biometrico\models\Comision.php Línea: 116
#0 C:\tools\nginx\html\sistema_biometrico\models\Comision.php(116): PDO->prepare('SELECT SUM(mont...')
#1 C:\tools\nginx\html\sistema_biometrico\controllers\DashboardController.php(81): Comision->getTotalComisiones(NULL, '02', '2026')
#2 C:\tools\nginx\html\sistema_biometrico\index.php(111): DashboardController->index()
#3 {main}
--------------------------------------------------------------------------------
[2026-02-27 12:58:32] [EXCEPTION] PDOException
Contexto: {"action":"resumenCompleto","empleado_id":"828","loading":"diasEconomicos"}
Mensaje: SQLSTATE[42S22]: Column not found: 1054 Unknown column 'fecha_solicitud' in 'ORDER BY'
URI: /sistema_biometrico/empleados/datos-completos/828
Archivo: C:\tools\nginx\html\sistema_biometrico\models\DiasEconomicos.php Línea: 126
#0 C:\tools\nginx\html\sistema_biometrico\models\DiasEconomicos.php(126): PDO->prepare('\n            SE...')
#1 C:\tools\nginx\html\sistema_biometrico\controllers\EmpleadoController.php(353): DiasEconomicos->getByEmpleado('828')
#2 C:\tools\nginx\html\sistema_biometrico\controllers\EmpleadoController.php(875): EmpleadoController->resumenCompleto('828')
#3 C:\tools\nginx\html\sistema_biometrico\index.php(111): EmpleadoController->datosCompletos('828')
#4 {main}
--------------------------------------------------------------------------------
[2026-02-27 13:00:07] [WARNING] Undefined variable $diaSemana en Command line code línea 28
URI: N/A
--------------------------------------------------------------------------------
[2026-02-27 13:00:07] [WARNING] Undefined variable $diaSemana en Command line code línea 29
URI: N/A
--------------------------------------------------------------------------------
[2026-02-27 13:00:07] [WARNING] Undefined variable $diaSemana en Command line code línea 29
URI: N/A
--------------------------------------------------------------------------------
[2026-02-27 13:01:10] [EXCEPTION] PDOException
Contexto: {"action":"resumenCompleto","empleado_id":"4","loading":"diasEconomicos"}
Mensaje: SQLSTATE[42S22]: Column not found: 1054 Unknown column 'fecha_solicitud' in 'ORDER BY'
URI: /sistema_biometrico/empleados/datos-completos/4
Archivo: C:\tools\nginx\html\sistema_biometrico\models\DiasEconomicos.php Línea: 126
#0 C:\tools\nginx\html\sistema_biometrico\models\DiasEconomicos.php(126): PDO->prepare('\n            SE...')
#1 C:\tools\nginx\html\sistema_biometrico\controllers\EmpleadoController.php(353): DiasEconomicos->getByEmpleado('4')
#2 C:\tools\nginx\html\sistema_biometrico\controllers\EmpleadoController.php(875): EmpleadoController->resumenCompleto('4')
#3 C:\tools\nginx\html\sistema_biometrico\index.php(111): EmpleadoController->datosCompletos('4')
#4 {main}
--------------------------------------------------------------------------------
[2026-02-27 13:01:34] [EXCEPTION] PDOException
Contexto: {"action":"resumenCompleto","empleado_id":"828","loading":"diasEconomicos"}
Mensaje: SQLSTATE[42S22]: Column not found: 1054 Unknown column 'fecha_solicitud' in 'ORDER BY'
URI: /sistema_biometrico/empleados/datos-completos/828
Archivo: C:\tools\nginx\html\sistema_biometrico\models\DiasEconomicos.php Línea: 126
#0 C:\tools\nginx\html\sistema_biometrico\models\DiasEconomicos.php(126): PDO->prepare('\n            SE...')
#1 C:\tools\nginx\html\sistema_biometrico\controllers\EmpleadoController.php(353): DiasEconomicos->getByEmpleado('828')
#2 C:\tools\nginx\html\sistema_biometrico\controllers\EmpleadoController.php(875): EmpleadoController->resumenCompleto('828')
#3 C:\tools\nginx\html\sistema_biometrico\index.php(111): EmpleadoController->datosCompletos('828')
#4 {main}
--------------------------------------------------------------------------------
[2026-02-27 13:04:23] [EXCEPTION] PDOException
Contexto: {"action":"resumenCompleto","empleado_id":"828","loading":"diasEconomicos"}
Mensaje: SQLSTATE[42S22]: Column not found: 1054 Unknown column 'fecha_solicitud' in 'ORDER BY'
URI: /sistema_biometrico/empleados/datos-completos/828
Archivo: C:\tools\nginx\html\sistema_biometrico\models\DiasEconomicos.php Línea: 126
#0 C:\tools\nginx\html\sistema_biometrico\models\DiasEconomicos.php(126): PDO->prepare('\n            SE...')
#1 C:\tools\nginx\html\sistema_biometrico\controllers\EmpleadoController.php(353): DiasEconomicos->getByEmpleado('828')
#2 C:\tools\nginx\html\sistema_biometrico\controllers\EmpleadoController.php(875): EmpleadoController->resumenCompleto('828')
#3 C:\tools\nginx\html\sistema_biometrico\index.php(111): EmpleadoController->datosCompletos('828')
#4 {main}
--------------------------------------------------------------------------------
[2026-02-27 13:05:10] [EXCEPTION] PDOException
Contexto: {"action":"resumenCompleto","empleado_id":"828","loading":"diasEconomicos"}
Mensaje: SQLSTATE[42S22]: Column not found: 1054 Unknown column 'fecha_solicitud' in 'ORDER BY'
URI: /sistema_biometrico/empleados/datos-completos/828
Archivo: C:\tools\nginx\html\sistema_biometrico\models\DiasEconomicos.php Línea: 126
#0 C:\tools\nginx\html\sistema_biometrico\models\DiasEconomicos.php(126): PDO->prepare('\n            SE...')
#1 C:\tools\nginx\html\sistema_biometrico\controllers\EmpleadoController.php(353): DiasEconomicos->getByEmpleado('828')
#2 C:\tools\nginx\html\sistema_biometrico\controllers\EmpleadoController.php(875): EmpleadoController->resumenCompleto('828')
#3 C:\tools\nginx\html\sistema_biometrico\index.php(111): EmpleadoController->datosCompletos('828')
#4 {main}
--------------------------------------------------------------------------------
[2026-02-27 13:12:14] [EXCEPTION] PDOException
Contexto: {"action":"resumenCompleto","empleado_id":"828","loading":"diasEconomicos"}
Mensaje: SQLSTATE[42S22]: Column not found: 1054 Unknown column 'fecha_solicitud' in 'ORDER BY'
URI: /sistema_biometrico/empleados/datos-completos/828
Archivo: C:\tools\nginx\html\sistema_biometrico\models\DiasEconomicos.php Línea: 126
#0 C:\tools\nginx\html\sistema_biometrico\models\DiasEconomicos.php(126): PDO->prepare('\n            SE...')
#1 C:\tools\nginx\html\sistema_biometrico\controllers\EmpleadoController.php(353): DiasEconomicos->getByEmpleado('828')
#2 C:\tools\nginx\html\sistema_biometrico\controllers\EmpleadoController.php(875): EmpleadoController->resumenCompleto('828')
#3 C:\tools\nginx\html\sistema_biometrico\index.php(111): EmpleadoController->datosCompletos('828')
#4 {main}
--------------------------------------------------------------------------------
[2026-02-27 13:13:52] [EXCEPTION] PDOException
Contexto: {"action":"resumenCompleto","empleado_id":"527","loading":"diasEconomicos"}
Mensaje: SQLSTATE[42S22]: Column not found: 1054 Unknown column 'fecha_solicitud' in 'ORDER BY'
URI: /sistema_biometrico/empleados/datos-completos/527
Archivo: C:\tools\nginx\html\sistema_biometrico\models\DiasEconomicos.php Línea: 126
#0 C:\tools\nginx\html\sistema_biometrico\models\DiasEconomicos.php(126): PDO->prepare('\n            SE...')
#1 C:\tools\nginx\html\sistema_biometrico\controllers\EmpleadoController.php(353): DiasEconomicos->getByEmpleado('527')
#2 C:\tools\nginx\html\sistema_biometrico\controllers\EmpleadoController.php(875): EmpleadoController->resumenCompleto('527')
#3 C:\tools\nginx\html\sistema_biometrico\index.php(111): EmpleadoController->datosCompletos('527')
#4 {main}
--------------------------------------------------------------------------------
[2026-02-27 13:14:44] [EXCEPTION] PDOException
Contexto: {"action":"resumenCompleto","empleado_id":"527","loading":"diasEconomicos"}
Mensaje: SQLSTATE[42S22]: Column not found: 1054 Unknown column 'fecha_solicitud' in 'ORDER BY'
URI: /sistema_biometrico/empleados/datos-completos/527
Archivo: C:\tools\nginx\html\sistema_biometrico\models\DiasEconomicos.php Línea: 126
#0 C:\tools\nginx\html\sistema_biometrico\models\DiasEconomicos.php(126): PDO->prepare('\n            SE...')
#1 C:\tools\nginx\html\sistema_biometrico\controllers\EmpleadoController.php(353): DiasEconomicos->getByEmpleado('527')
#2 C:\tools\nginx\html\sistema_biometrico\controllers\EmpleadoController.php(875): EmpleadoController->resumenCompleto('527')
#3 C:\tools\nginx\html\sistema_biometrico\index.php(111): EmpleadoController->datosCompletos('527')
#4 {main}
--------------------------------------------------------------------------------
[2026-02-27 13:14:59] [EXCEPTION] PDOException
Contexto: {"action":"resumenCompleto","empleado_id":"527","loading":"diasEconomicos"}
Mensaje: SQLSTATE[42S22]: Column not found: 1054 Unknown column 'fecha_solicitud' in 'ORDER BY'
URI: /sistema_biometrico/empleados/datos-completos/527
Archivo: C:\tools\nginx\html\sistema_biometrico\models\DiasEconomicos.php Línea: 126
#0 C:\tools\nginx\html\sistema_biometrico\models\DiasEconomicos.php(126): PDO->prepare('\n            SE...')
#1 C:\tools\nginx\html\sistema_biometrico\controllers\EmpleadoController.php(353): DiasEconomicos->getByEmpleado('527')
#2 C:\tools\nginx\html\sistema_biometrico\controllers\EmpleadoController.php(875): EmpleadoController->resumenCompleto('527')
#3 C:\tools\nginx\html\sistema_biometrico\index.php(111): EmpleadoController->datosCompletos('527')
#4 {main}
--------------------------------------------------------------------------------
[2026-02-27 13:17:59] [EXCEPTION] PDOException
Contexto: {"action":"index","section":"comisiones"}
Mensaje: SQLSTATE[42S22]: Column not found: 1054 Unknown column 'monto' in 'SELECT'
URI: /sistema_biometrico
Archivo: C:\tools\nginx\html\sistema_biometrico\models\Comision.php Línea: 116
#0 C:\tools\nginx\html\sistema_biometrico\models\Comision.php(116): PDO->prepare('SELECT SUM(mont...')
#1 C:\tools\nginx\html\sistema_biometrico\controllers\DashboardController.php(81): Comision->getTotalComisiones(NULL, '02', '2026')
#2 C:\tools\nginx\html\sistema_biometrico\index.php(111): DashboardController->index()
#3 {main}
--------------------------------------------------------------------------------
[2026-02-27 13:18:48] [EXCEPTION] PDOException
Contexto: {"action":"index","section":"comisiones"}
Mensaje: SQLSTATE[42S22]: Column not found: 1054 Unknown column 'monto' in 'SELECT'
URI: /sistema_biometrico
Archivo: C:\tools\nginx\html\sistema_biometrico\models\Comision.php Línea: 116
#0 C:\tools\nginx\html\sistema_biometrico\models\Comision.php(116): PDO->prepare('SELECT SUM(mont...')
#1 C:\tools\nginx\html\sistema_biometrico\controllers\DashboardController.php(81): Comision->getTotalComisiones(NULL, '02', '2026')
#2 C:\tools\nginx\html\sistema_biometrico\index.php(111): DashboardController->index()
#3 {main}
--------------------------------------------------------------------------------
[2026-02-27 13:18:51] [EXCEPTION] PDOException
Contexto: {"action":"index","section":"comisiones"}
Mensaje: SQLSTATE[42S22]: Column not found: 1054 Unknown column 'monto' in 'SELECT'
URI: /sistema_biometrico
Archivo: C:\tools\nginx\html\sistema_biometrico\models\Comision.php Línea: 116
#0 C:\tools\nginx\html\sistema_biometrico\models\Comision.php(116): PDO->prepare('SELECT SUM(mont...')
#1 C:\tools\nginx\html\sistema_biometrico\controllers\DashboardController.php(81): Comision->getTotalComisiones(NULL, '02', '2026')
#2 C:\tools\nginx\html\sistema_biometrico\index.php(111): DashboardController->index()
#3 {main}
--------------------------------------------------------------------------------
[2026-02-27 13:18:54] [EXCEPTION] PDOException
Contexto: {"action":"index","section":"comisiones"}
Mensaje: SQLSTATE[42S22]: Column not found: 1054 Unknown column 'monto' in 'SELECT'
URI: /sistema_biometrico
Archivo: C:\tools\nginx\html\sistema_biometrico\models\Comision.php Línea: 116
#0 C:\tools\nginx\html\sistema_biometrico\models\Comision.php(116): PDO->prepare('SELECT SUM(mont...')
#1 C:\tools\nginx\html\sistema_biometrico\controllers\DashboardController.php(81): Comision->getTotalComisiones(NULL, '02', '2026')
#2 C:\tools\nginx\html\sistema_biometrico\index.php(111): DashboardController->index()
#3 {main}
--------------------------------------------------------------------------------
[2026-02-27 13:18:58] [EXCEPTION] PDOException
Contexto: {"action":"index","section":"comisiones"}
Mensaje: SQLSTATE[42S22]: Column not found: 1054 Unknown column 'monto' in 'SELECT'
URI: /sistema_biometrico
Archivo: C:\tools\nginx\html\sistema_biometrico\models\Comision.php Línea: 116
#0 C:\tools\nginx\html\sistema_biometrico\models\Comision.php(116): PDO->prepare('SELECT SUM(mont...')
#1 C:\tools\nginx\html\sistema_biometrico\controllers\DashboardController.php(81): Comision->getTotalComisiones(NULL, '02', '2026')
#2 C:\tools\nginx\html\sistema_biometrico\index.php(111): DashboardController->index()
#3 {main}
--------------------------------------------------------------------------------
[2026-02-27 13:19:53] [EXCEPTION] PDOException
Contexto: {"action":"resumenCompleto","empleado_id":"527","loading":"diasEconomicos"}
Mensaje: SQLSTATE[42S22]: Column not found: 1054 Unknown column 'fecha_solicitud' in 'ORDER BY'
URI: /sistema_biometrico/empleados/datos-completos/527
Archivo: C:\tools\nginx\html\sistema_biometrico\models\DiasEconomicos.php Línea: 126
#0 C:\tools\nginx\html\sistema_biometrico\models\DiasEconomicos.php(126): PDO->prepare('\n            SE...')
#1 C:\tools\nginx\html\sistema_biometrico\controllers\EmpleadoController.php(353): DiasEconomicos->getByEmpleado('527')
#2 C:\tools\nginx\html\sistema_biometrico\controllers\EmpleadoController.php(875): EmpleadoController->resumenCompleto('527')
#3 C:\tools\nginx\html\sistema_biometrico\index.php(111): EmpleadoController->datosCompletos('527')
#4 {main}
--------------------------------------------------------------------------------
[2026-02-27 13:25:34] [EXCEPTION] PDOException
Contexto: {"action":"resumenCompleto","empleado_id":"314","loading":"diasEconomicos"}
Mensaje: SQLSTATE[42S22]: Column not found: 1054 Unknown column 'fecha_solicitud' in 'ORDER BY'
URI: /sistema_biometrico/empleados/datos-completos/314
Archivo: C:\tools\nginx\html\sistema_biometrico\models\DiasEconomicos.php Línea: 126
#0 C:\tools\nginx\html\sistema_biometrico\models\DiasEconomicos.php(126): PDO->prepare('\n            SE...')
#1 C:\tools\nginx\html\sistema_biometrico\controllers\EmpleadoController.php(353): DiasEconomicos->getByEmpleado('314')
#2 C:\tools\nginx\html\sistema_biometrico\controllers\EmpleadoController.php(875): EmpleadoController->resumenCompleto('314')
#3 C:\tools\nginx\html\sistema_biometrico\index.php(111): EmpleadoController->datosCompletos('314')
#4 {main}
--------------------------------------------------------------------------------
[2026-02-27 13:26:16] [EXCEPTION] PDOException
Contexto: {"action":"resumenCompleto","empleado_id":"314","loading":"diasEconomicos"}
Mensaje: SQLSTATE[42S22]: Column not found: 1054 Unknown column 'fecha_solicitud' in 'ORDER BY'
URI: /sistema_biometrico/empleados/datos-completos/314
Archivo: C:\tools\nginx\html\sistema_biometrico\models\DiasEconomicos.php Línea: 126
#0 C:\tools\nginx\html\sistema_biometrico\models\DiasEconomicos.php(126): PDO->prepare('\n            SE...')
#1 C:\tools\nginx\html\sistema_biometrico\controllers\EmpleadoController.php(353): DiasEconomicos->getByEmpleado('314')
#2 C:\tools\nginx\html\sistema_biometrico\controllers\EmpleadoController.php(875): EmpleadoController->resumenCompleto('314')
#3 C:\tools\nginx\html\sistema_biometrico\index.php(111): EmpleadoController->datosCompletos('314')
#4 {main}
--------------------------------------------------------------------------------
[2026-02-27 13:29:10] [EXCEPTION] PDOException
Contexto: {"action":"resumenCompleto","empleado_id":"527","loading":"diasEconomicos"}
Mensaje: SQLSTATE[42S22]: Column not found: 1054 Unknown column 'fecha_solicitud' in 'ORDER BY'
URI: /sistema_biometrico/empleados/datos-completos/527
Archivo: C:\tools\nginx\html\sistema_biometrico\models\DiasEconomicos.php Línea: 126
#0 C:\tools\nginx\html\sistema_biometrico\models\DiasEconomicos.php(126): PDO->prepare('\n            SE...')
#1 C:\tools\nginx\html\sistema_biometrico\controllers\EmpleadoController.php(353): DiasEconomicos->getByEmpleado('527')
#2 C:\tools\nginx\html\sistema_biometrico\controllers\EmpleadoController.php(875): EmpleadoController->resumenCompleto('527')
#3 C:\tools\nginx\html\sistema_biometrico\index.php(111): EmpleadoController->datosCompletos('527')
#4 {main}
--------------------------------------------------------------------------------
[2026-02-27 13:30:44] [EXCEPTION] PDOException
Contexto: {"action":"resumenCompleto","empleado_id":"314","loading":"diasEconomicos"}
Mensaje: SQLSTATE[42S22]: Column not found: 1054 Unknown column 'fecha_solicitud' in 'ORDER BY'
URI: /sistema_biometrico/empleados/datos-completos/314
Archivo: C:\tools\nginx\html\sistema_biometrico\models\DiasEconomicos.php Línea: 126
#0 C:\tools\nginx\html\sistema_biometrico\models\DiasEconomicos.php(126): PDO->prepare('\n            SE...')
#1 C:\tools\nginx\html\sistema_biometrico\controllers\EmpleadoController.php(353): DiasEconomicos->getByEmpleado('314')
#2 C:\tools\nginx\html\sistema_biometrico\controllers\EmpleadoController.php(875): EmpleadoController->resumenCompleto('314')
#3 C:\tools\nginx\html\sistema_biometrico\index.php(111): EmpleadoController->datosCompletos('314')
#4 {main}
--------------------------------------------------------------------------------
[2026-02-27 13:35:57] [EXCEPTION] PDOException
Contexto: {"action":"resumenCompleto","empleado_id":"828","loading":"diasEconomicos"}
Mensaje: SQLSTATE[42S22]: Column not found: 1054 Unknown column 'fecha_solicitud' in 'ORDER BY'
URI: /sistema_biometrico/empleados/datos-completos/828
Archivo: C:\tools\nginx\html\sistema_biometrico\models\DiasEconomicos.php Línea: 126
#0 C:\tools\nginx\html\sistema_biometrico\models\DiasEconomicos.php(126): PDO->prepare('\n            SE...')
#1 C:\tools\nginx\html\sistema_biometrico\controllers\EmpleadoController.php(353): DiasEconomicos->getByEmpleado('828')
#2 C:\tools\nginx\html\sistema_biometrico\controllers\EmpleadoController.php(875): EmpleadoController->resumenCompleto('828')
#3 C:\tools\nginx\html\sistema_biometrico\index.php(111): EmpleadoController->datosCompletos('828')
#4 {main}
--------------------------------------------------------------------------------
[2026-02-27 13:37:23] [FATAL_ERROR] Uncaught PDOException: SQLSTATE[01000]: Warning: 1265 Data truncated for column 'tipo_asistencia' at row 1 in Command line code:63
Stack trace:
#0 Command line code(63): PDOStatement->execute(Array)
#1 {main}
  thrown en Command line code línea 63
URI: N/A
--------------------------------------------------------------------------------
[2026-02-27 13:40:01] [EXCEPTION] PDOException
Contexto: {"action":"resumenCompleto","empleado_id":"828","loading":"diasEconomicos"}
Mensaje: SQLSTATE[42S22]: Column not found: 1054 Unknown column 'fecha_solicitud' in 'ORDER BY'
URI: /sistema_biometrico/empleados/datos-completos/828
Archivo: C:\tools\nginx\html\sistema_biometrico\models\DiasEconomicos.php Línea: 126
#0 C:\tools\nginx\html\sistema_biometrico\models\DiasEconomicos.php(126): PDO->prepare('\n            SE...')
#1 C:\tools\nginx\html\sistema_biometrico\controllers\EmpleadoController.php(353): DiasEconomicos->getByEmpleado('828')
#2 C:\tools\nginx\html\sistema_biometrico\controllers\EmpleadoController.php(875): EmpleadoController->resumenCompleto('828')
#3 C:\tools\nginx\html\sistema_biometrico\index.php(111): EmpleadoController->datosCompletos('828')
#4 {main}
--------------------------------------------------------------------------------
[2026-02-27 13:40:05] [FATAL_ERROR] Uncaught PDOException: SQLSTATE[42S22]: Column not found: 1054 Unknown column 'eh.tolerancia_minutos' in 'SELECT' in Command line code:11
Stack trace:
#0 Command line code(11): PDO->query('\n    SELECT DIS...')
#1 {main}
  thrown en Command line code línea 11
URI: N/A
--------------------------------------------------------------------------------
[2026-02-27 13:41:17] [EXCEPTION] PDOException
Contexto: {"action":"resumenCompleto","empleado_id":"527","loading":"diasEconomicos"}
Mensaje: SQLSTATE[42S22]: Column not found: 1054 Unknown column 'fecha_solicitud' in 'ORDER BY'
URI: /sistema_biometrico/empleados/datos-completos/527
Archivo: C:\tools\nginx\html\sistema_biometrico\models\DiasEconomicos.php Línea: 126
#0 C:\tools\nginx\html\sistema_biometrico\models\DiasEconomicos.php(126): PDO->prepare('\n            SE...')
#1 C:\tools\nginx\html\sistema_biometrico\controllers\EmpleadoController.php(353): DiasEconomicos->getByEmpleado('527')
#2 C:\tools\nginx\html\sistema_biometrico\controllers\EmpleadoController.php(875): EmpleadoController->resumenCompleto('527')
#3 C:\tools\nginx\html\sistema_biometrico\index.php(111): EmpleadoController->datosCompletos('527')
#4 {main}
--------------------------------------------------------------------------------
[2026-02-27 13:42:03] [EXCEPTION] PDOException
Contexto: {"action":"resumenCompleto","empleado_id":"314","loading":"diasEconomicos"}
Mensaje: SQLSTATE[42S22]: Column not found: 1054 Unknown column 'fecha_solicitud' in 'ORDER BY'
URI: /sistema_biometrico/empleados/datos-completos/314
Archivo: C:\tools\nginx\html\sistema_biometrico\models\DiasEconomicos.php Línea: 126
#0 C:\tools\nginx\html\sistema_biometrico\models\DiasEconomicos.php(126): PDO->prepare('\n            SE...')
#1 C:\tools\nginx\html\sistema_biometrico\controllers\EmpleadoController.php(353): DiasEconomicos->getByEmpleado('314')
#2 C:\tools\nginx\html\sistema_biometrico\controllers\EmpleadoController.php(875): EmpleadoController->resumenCompleto('314')
#3 C:\tools\nginx\html\sistema_biometrico\index.php(111): EmpleadoController->datosCompletos('314')
#4 {main}
--------------------------------------------------------------------------------
[2026-02-27 13:42:37] [EXCEPTION] PDOException
Contexto: {"action":"resumenCompleto","empleado_id":"314","loading":"diasEconomicos"}
Mensaje: SQLSTATE[42S22]: Column not found: 1054 Unknown column 'fecha_solicitud' in 'ORDER BY'
URI: /sistema_biometrico/empleados/datos-completos/314
Archivo: C:\tools\nginx\html\sistema_biometrico\models\DiasEconomicos.php Línea: 126
#0 C:\tools\nginx\html\sistema_biometrico\models\DiasEconomicos.php(126): PDO->prepare('\n            SE...')
#1 C:\tools\nginx\html\sistema_biometrico\controllers\EmpleadoController.php(353): DiasEconomicos->getByEmpleado('314')
#2 C:\tools\nginx\html\sistema_biometrico\controllers\EmpleadoController.php(875): EmpleadoController->resumenCompleto('314')
#3 C:\tools\nginx\html\sistema_biometrico\index.php(111): EmpleadoController->datosCompletos('314')
#4 {main}
--------------------------------------------------------------------------------
[2026-02-27 13:44:38] [EXCEPTION] PDOException
Contexto: {"action":"resumenCompleto","empleado_id":"65","loading":"diasEconomicos"}
Mensaje: SQLSTATE[42S22]: Column not found: 1054 Unknown column 'fecha_solicitud' in 'ORDER BY'
URI: /sistema_biometrico/empleados/datos-completos/65
Archivo: C:\tools\nginx\html\sistema_biometrico\models\DiasEconomicos.php Línea: 126
#0 C:\tools\nginx\html\sistema_biometrico\models\DiasEconomicos.php(126): PDO->prepare('\n            SE...')
#1 C:\tools\nginx\html\sistema_biometrico\controllers\EmpleadoController.php(353): DiasEconomicos->getByEmpleado('65')
#2 C:\tools\nginx\html\sistema_biometrico\controllers\EmpleadoController.php(875): EmpleadoController->resumenCompleto('65')
#3 C:\tools\nginx\html\sistema_biometrico\index.php(111): EmpleadoController->datosCompletos('65')
#4 {main}
--------------------------------------------------------------------------------
[2026-02-27 13:56:17] [EXCEPTION] PDOException
Contexto: {"action":"resumenCompleto","empleado_id":"105","loading":"diasEconomicos"}
Mensaje: SQLSTATE[42S22]: Column not found: 1054 Unknown column 'fecha_solicitud' in 'ORDER BY'
URI: /sistema_biometrico/empleados/datos-completos/105
Archivo: C:\tools\nginx\html\sistema_biometrico\models\DiasEconomicos.php Línea: 126
#0 C:\tools\nginx\html\sistema_biometrico\models\DiasEconomicos.php(126): PDO->prepare('\n            SE...')
#1 C:\tools\nginx\html\sistema_biometrico\controllers\EmpleadoController.php(353): DiasEconomicos->getByEmpleado('105')
#2 C:\tools\nginx\html\sistema_biometrico\controllers\EmpleadoController.php(875): EmpleadoController->resumenCompleto('105')
#3 C:\tools\nginx\html\sistema_biometrico\index.php(111): EmpleadoController->datosCompletos('105')
#4 {main}
--------------------------------------------------------------------------------
[2026-02-27 13:59:57] [EXCEPTION] PDOException
Contexto: {"action":"resumenCompleto","empleado_id":"828","loading":"diasEconomicos"}
Mensaje: SQLSTATE[42S22]: Column not found: 1054 Unknown column 'fecha_solicitud' in 'ORDER BY'
URI: /sistema_biometrico/empleados/datos-completos/828
Archivo: C:\tools\nginx\html\sistema_biometrico\models\DiasEconomicos.php Línea: 126
#0 C:\tools\nginx\html\sistema_biometrico\models\DiasEconomicos.php(126): PDO->prepare('\n            SE...')
#1 C:\tools\nginx\html\sistema_biometrico\controllers\EmpleadoController.php(353): DiasEconomicos->getByEmpleado('828')
#2 C:\tools\nginx\html\sistema_biometrico\controllers\EmpleadoController.php(875): EmpleadoController->resumenCompleto('828')
#3 C:\tools\nginx\html\sistema_biometrico\index.php(111): EmpleadoController->datosCompletos('828')
#4 {main}
--------------------------------------------------------------------------------
[2026-02-27 14:04:33] [FATAL_ERROR] Uncaught PDOException: SQLSTATE[01000]: Warning: 1265 Data truncated for column 'tipo_retraso' at row 1 in Command line code:86
Stack trace:
#0 Command line code(86): PDOStatement->execute(Array)
#1 {main}
  thrown en Command line code línea 86
URI: N/A
--------------------------------------------------------------------------------
[2026-02-27 14:05:00] [EXCEPTION] PDOException
Contexto: {"action":"resumenCompleto","empleado_id":"314","loading":"diasEconomicos"}
Mensaje: SQLSTATE[42S22]: Column not found: 1054 Unknown column 'fecha_solicitud' in 'ORDER BY'
URI: /sistema_biometrico/empleados/datos-completos/314
Archivo: C:\tools\nginx\html\sistema_biometrico\models\DiasEconomicos.php Línea: 126
#0 C:\tools\nginx\html\sistema_biometrico\models\DiasEconomicos.php(126): PDO->prepare('\n            SE...')
#1 C:\tools\nginx\html\sistema_biometrico\controllers\EmpleadoController.php(353): DiasEconomicos->getByEmpleado('314')
#2 C:\tools\nginx\html\sistema_biometrico\controllers\EmpleadoController.php(875): EmpleadoController->resumenCompleto('314')
#3 C:\tools\nginx\html\sistema_biometrico\index.php(111): EmpleadoController->datosCompletos('314')
#4 {main}
--------------------------------------------------------------------------------
[2026-02-27 14:07:12] [EXCEPTION] PDOException
Contexto: {"action":"index","section":"comisiones"}
Mensaje: SQLSTATE[42S22]: Column not found: 1054 Unknown column 'monto' in 'SELECT'
URI: /sistema_biometrico/dashboard
Archivo: C:\tools\nginx\html\sistema_biometrico\models\Comision.php Línea: 116
#0 C:\tools\nginx\html\sistema_biometrico\models\Comision.php(116): PDO->prepare('SELECT SUM(mont...')
#1 C:\tools\nginx\html\sistema_biometrico\controllers\DashboardController.php(81): Comision->getTotalComisiones(NULL, '02', '2026')
#2 C:\tools\nginx\html\sistema_biometrico\index.php(111): DashboardController->index()
#3 {main}
--------------------------------------------------------------------------------
[2026-02-27 14:07:45] [EXCEPTION] PDOException
Contexto: {"action":"resumenCompleto","empleado_id":"527","loading":"diasEconomicos"}
Mensaje: SQLSTATE[42S22]: Column not found: 1054 Unknown column 'fecha_solicitud' in 'ORDER BY'
URI: /sistema_biometrico/empleados/datos-completos/527
Archivo: C:\tools\nginx\html\sistema_biometrico\models\DiasEconomicos.php Línea: 126
#0 C:\tools\nginx\html\sistema_biometrico\models\DiasEconomicos.php(126): PDO->prepare('\n            SE...')
#1 C:\tools\nginx\html\sistema_biometrico\controllers\EmpleadoController.php(353): DiasEconomicos->getByEmpleado('527')
#2 C:\tools\nginx\html\sistema_biometrico\controllers\EmpleadoController.php(875): EmpleadoController->resumenCompleto('527')
#3 C:\tools\nginx\html\sistema_biometrico\index.php(111): EmpleadoController->datosCompletos('527')
#4 {main}
--------------------------------------------------------------------------------
[2026-02-27 14:11:59] [FATAL_ERROR] Uncaught Error: Class "ZKTecoUniversalParser" not found in Command line code:1
Stack trace:
#0 {main}
  thrown en Command line code línea 1
URI: N/A
--------------------------------------------------------------------------------
[2026-02-27 14:33:47] [EXCEPTION] PDOException
Contexto: {"action":"index","section":"comisiones"}
Mensaje: SQLSTATE[42S22]: Column not found: 1054 Unknown column 'monto' in 'SELECT'
URI: /sistema_biometrico/dashboard
Archivo: C:\tools\nginx\html\sistema_biometrico\models\Comision.php Línea: 116
#0 C:\tools\nginx\html\sistema_biometrico\models\Comision.php(116): PDO->prepare('SELECT SUM(mont...')
#1 C:\tools\nginx\html\sistema_biometrico\controllers\DashboardController.php(81): Comision->getTotalComisiones(NULL, '02', '2026')
#2 C:\tools\nginx\html\sistema_biometrico\index.php(111): DashboardController->index()
#3 {main}
--------------------------------------------------------------------------------
[2026-02-27 14:33:59] [EXCEPTION] PDOException
Contexto: {"action":"resumenCompleto","empleado_id":"828","loading":"diasEconomicos"}
Mensaje: SQLSTATE[42S22]: Column not found: 1054 Unknown column 'fecha_solicitud' in 'ORDER BY'
URI: /sistema_biometrico/empleados/datos-completos/828
Archivo: C:\tools\nginx\html\sistema_biometrico\models\DiasEconomicos.php Línea: 126
#0 C:\tools\nginx\html\sistema_biometrico\models\DiasEconomicos.php(126): PDO->prepare('\n            SE...')
#1 C:\tools\nginx\html\sistema_biometrico\controllers\EmpleadoController.php(353): DiasEconomicos->getByEmpleado('828')
#2 C:\tools\nginx\html\sistema_biometrico\controllers\EmpleadoController.php(875): EmpleadoController->resumenCompleto('828')
#3 C:\tools\nginx\html\sistema_biometrico\index.php(111): EmpleadoController->datosCompletos('828')
#4 {main}
--------------------------------------------------------------------------------
[2026-02-27 14:36:36] [EXCEPTION] PDOException
Contexto: {"action":"resumenCompleto","empleado_id":"527","loading":"diasEconomicos"}
Mensaje: SQLSTATE[42S22]: Column not found: 1054 Unknown column 'fecha_solicitud' in 'ORDER BY'
URI: /sistema_biometrico/empleados/datos-completos/527
Archivo: C:\tools\nginx\html\sistema_biometrico\models\DiasEconomicos.php Línea: 126
#0 C:\tools\nginx\html\sistema_biometrico\models\DiasEconomicos.php(126): PDO->prepare('\n            SE...')
#1 C:\tools\nginx\html\sistema_biometrico\controllers\EmpleadoController.php(353): DiasEconomicos->getByEmpleado('527')
#2 C:\tools\nginx\html\sistema_biometrico\controllers\EmpleadoController.php(875): EmpleadoController->resumenCompleto('527')
#3 C:\tools\nginx\html\sistema_biometrico\index.php(111): EmpleadoController->datosCompletos('527')
#4 {main}
--------------------------------------------------------------------------------
[2026-02-27 15:06:31] [EXCEPTION] PDOException
Contexto: {"action":"index","section":"comisiones"}
Mensaje: SQLSTATE[42S22]: Column not found: 1054 Unknown column 'monto' in 'SELECT'
URI: /sistema_biometrico/dashboard
Archivo: C:\tools\nginx\html\sistema_biometrico\models\Comision.php Línea: 116
#0 C:\tools\nginx\html\sistema_biometrico\models\Comision.php(116): PDO->prepare('SELECT SUM(mont...')
#1 C:\tools\nginx\html\sistema_biometrico\controllers\DashboardController.php(81): Comision->getTotalComisiones(NULL, '02', '2026')
#2 C:\tools\nginx\html\sistema_biometrico\index.php(111): DashboardController->index()
#3 {main}
--------------------------------------------------------------------------------
[2026-02-27 15:08:40] [EXCEPTION] PDOException
Contexto: {"action":"resumenCompleto","empleado_id":"828","loading":"diasEconomicos"}
Mensaje: SQLSTATE[42S22]: Column not found: 1054 Unknown column 'fecha_solicitud' in 'ORDER BY'
URI: /sistema_biometrico/empleados/datos-completos/828
Archivo: C:\tools\nginx\html\sistema_biometrico\models\DiasEconomicos.php Línea: 126
#0 C:\tools\nginx\html\sistema_biometrico\models\DiasEconomicos.php(126): PDO->prepare('\n            SE...')
#1 C:\tools\nginx\html\sistema_biometrico\controllers\EmpleadoController.php(353): DiasEconomicos->getByEmpleado('828')
#2 C:\tools\nginx\html\sistema_biometrico\controllers\EmpleadoController.php(875): EmpleadoController->resumenCompleto('828')
#3 C:\tools\nginx\html\sistema_biometrico\index.php(111): EmpleadoController->datosCompletos('828')
#4 {main}
--------------------------------------------------------------------------------
[2026-02-27 15:09:26] [EXCEPTION] PDOException
Contexto: {"action":"resumenCompleto","empleado_id":"527","loading":"diasEconomicos"}
Mensaje: SQLSTATE[42S22]: Column not found: 1054 Unknown column 'fecha_solicitud' in 'ORDER BY'
URI: /sistema_biometrico/empleados/datos-completos/527
Archivo: C:\tools\nginx\html\sistema_biometrico\models\DiasEconomicos.php Línea: 126
#0 C:\tools\nginx\html\sistema_biometrico\models\DiasEconomicos.php(126): PDO->prepare('\n            SE...')
#1 C:\tools\nginx\html\sistema_biometrico\controllers\EmpleadoController.php(353): DiasEconomicos->getByEmpleado('527')
#2 C:\tools\nginx\html\sistema_biometrico\controllers\EmpleadoController.php(875): EmpleadoController->resumenCompleto('527')
#3 C:\tools\nginx\html\sistema_biometrico\index.php(111): EmpleadoController->datosCompletos('527')
#4 {main}
--------------------------------------------------------------------------------
[2026-02-27 15:10:58] [FATAL_ERROR] Uncaught PDOException: SQLSTATE[42S22]: Column not found: 1054 Unknown column 'tipo_registro' in 'SELECT' in Command line code:15
Stack trace:
#0 Command line code(15): PDO->query('\n    SELECT fec...')
#1 {main}
  thrown en Command line code línea 15
URI: N/A
--------------------------------------------------------------------------------
[2026-02-27 15:20:21] [EXCEPTION] PDOException
Contexto: {"action":"resumenCompleto","empleado_id":"828","loading":"diasEconomicos"}
Mensaje: SQLSTATE[42S22]: Column not found: 1054 Unknown column 'fecha_solicitud' in 'ORDER BY'
URI: /sistema_biometrico/empleados/datos-completos/828
Archivo: C:\tools\nginx\html\sistema_biometrico\models\DiasEconomicos.php Línea: 126
#0 C:\tools\nginx\html\sistema_biometrico\models\DiasEconomicos.php(126): PDO->prepare('\n            SE...')
#1 C:\tools\nginx\html\sistema_biometrico\controllers\EmpleadoController.php(353): DiasEconomicos->getByEmpleado('828')
#2 C:\tools\nginx\html\sistema_biometrico\controllers\EmpleadoController.php(875): EmpleadoController->resumenCompleto('828')
#3 C:\tools\nginx\html\sistema_biometrico\index.php(111): EmpleadoController->datosCompletos('828')
#4 {main}
--------------------------------------------------------------------------------
[2026-02-27 15:29:58] [EXCEPTION] PDOException
Contexto: {"action":"resumenCompleto","empleado_id":"828","loading":"diasEconomicos"}
Mensaje: SQLSTATE[42S22]: Column not found: 1054 Unknown column 'fecha_solicitud' in 'ORDER BY'
URI: /sistema_biometrico/empleados/datos-completos/828
Archivo: C:\tools\nginx\html\sistema_biometrico\models\DiasEconomicos.php Línea: 126
#0 C:\tools\nginx\html\sistema_biometrico\models\DiasEconomicos.php(126): PDO->prepare('\n            SE...')
#1 C:\tools\nginx\html\sistema_biometrico\controllers\EmpleadoController.php(353): DiasEconomicos->getByEmpleado('828')
#2 C:\tools\nginx\html\sistema_biometrico\controllers\EmpleadoController.php(875): EmpleadoController->resumenCompleto('828')
#3 C:\tools\nginx\html\sistema_biometrico\index.php(111): EmpleadoController->datosCompletos('828')
#4 {main}
--------------------------------------------------------------------------------
[2026-02-27 15:32:33] [FATAL_ERROR] Uncaught Error: Class "ZKTecoMappingManager" not found in C:\tools\nginx\html\sistema_biometrico\models\ZKTecoLogProcessor.php:32
Stack trace:
#0 Command line code(6): ZKTecoLogProcessor->__construct()
#1 {main}
  thrown en C:\tools\nginx\html\sistema_biometrico\models\ZKTecoLogProcessor.php línea 32
URI: N/A
--------------------------------------------------------------------------------
[2026-02-27 15:32:50] [FATAL_ERROR] Uncaught PDOException: SQLSTATE[42000]: Syntax error or access violation: 1064 You have an error in your SQL syntax; check the manual that corresponds to your MariaDB server version for the right syntax to use near '(zkteo_id, empleado_id, activo)
            ) ENGINE=InnoDB DEFAULT CHARSET=u...' at line 18 in C:\tools\nginx\html\sistema_biometrico\models\ZKTecoMappingManager.php:43
Stack trace:
#0 C:\tools\nginx\html\sistema_biometrico\models\ZKTecoMappingManager.php(43): PDO->exec('\n            CR...')
#1 C:\tools\nginx\html\sistema_biometrico\models\ZKTecoLogProcessor.php(43): ZKTecoMappingManager->crearTablaMapeo()
#2 Command line code(8): ZKTecoLogProcessor->procesarArchivoCompleto()
#3 {main}
  thrown en C:\tools\nginx\html\sistema_biometrico\models\ZKTecoMappingManager.php línea 43
URI: N/A
--------------------------------------------------------------------------------
[2026-02-27 15:33:56] [FATAL_ERROR] Uncaught Error: Undefined constant "asis" in Command line code:81
Stack trace:
#0 {main}
  thrown en Command line code línea 81
URI: N/A
--------------------------------------------------------------------------------
[2026-02-27 15:39:20] [EXCEPTION] PDOException
Contexto: {"action":"index","section":"comisiones"}
Mensaje: SQLSTATE[42S22]: Column not found: 1054 Unknown column 'monto' in 'SELECT'
URI: /sistema_biometrico/dashboard
Archivo: C:\tools\nginx\html\sistema_biometrico\models\Comision.php Línea: 116
#0 C:\tools\nginx\html\sistema_biometrico\models\Comision.php(116): PDO->prepare('SELECT SUM(mont...')
#1 C:\tools\nginx\html\sistema_biometrico\controllers\DashboardController.php(81): Comision->getTotalComisiones(NULL, '02', '2026')
#2 C:\tools\nginx\html\sistema_biometrico\index.php(111): DashboardController->index()
#3 {main}
--------------------------------------------------------------------------------
[2026-02-27 15:39:40] [EXCEPTION] PDOException
Contexto: {"action":"resumenCompleto","empleado_id":"828","loading":"diasEconomicos"}
Mensaje: SQLSTATE[42S22]: Column not found: 1054 Unknown column 'fecha_solicitud' in 'ORDER BY'
URI: /sistema_biometrico/empleados/datos-completos/828
Archivo: C:\tools\nginx\html\sistema_biometrico\models\DiasEconomicos.php Línea: 126
#0 C:\tools\nginx\html\sistema_biometrico\models\DiasEconomicos.php(126): PDO->prepare('\n            SE...')
#1 C:\tools\nginx\html\sistema_biometrico\controllers\EmpleadoController.php(353): DiasEconomicos->getByEmpleado('828')
#2 C:\tools\nginx\html\sistema_biometrico\controllers\EmpleadoController.php(875): EmpleadoController->resumenCompleto('828')
#3 C:\tools\nginx\html\sistema_biometrico\index.php(111): EmpleadoController->datosCompletos('828')
#4 {main}
--------------------------------------------------------------------------------
[2026-02-27 15:40:37] [EXCEPTION] PDOException
Contexto: {"action":"resumenCompleto","empleado_id":"527","loading":"diasEconomicos"}
Mensaje: SQLSTATE[42S22]: Column not found: 1054 Unknown column 'fecha_solicitud' in 'ORDER BY'
URI: /sistema_biometrico/empleados/datos-completos/527
Archivo: C:\tools\nginx\html\sistema_biometrico\models\DiasEconomicos.php Línea: 126
#0 C:\tools\nginx\html\sistema_biometrico\models\DiasEconomicos.php(126): PDO->prepare('\n            SE...')
#1 C:\tools\nginx\html\sistema_biometrico\controllers\EmpleadoController.php(353): DiasEconomicos->getByEmpleado('527')
#2 C:\tools\nginx\html\sistema_biometrico\controllers\EmpleadoController.php(875): EmpleadoController->resumenCompleto('527')
#3 C:\tools\nginx\html\sistema_biometrico\index.php(111): EmpleadoController->datosCompletos('527')
#4 {main}
--------------------------------------------------------------------------------
[2026-02-27 15:48:00] [EXCEPTION] PDOException
Contexto: {"action":"resumenCompleto","empleado_id":"527","loading":"diasEconomicos"}
Mensaje: SQLSTATE[42S22]: Column not found: 1054 Unknown column 'fecha_solicitud' in 'ORDER BY'
URI: /sistema_biometrico/empleados/datos-completos/527
Archivo: C:\tools\nginx\html\sistema_biometrico\models\DiasEconomicos.php Línea: 126
#0 C:\tools\nginx\html\sistema_biometrico\models\DiasEconomicos.php(126): PDO->prepare('\n            SE...')
#1 C:\tools\nginx\html\sistema_biometrico\controllers\EmpleadoController.php(353): DiasEconomicos->getByEmpleado('527')
#2 C:\tools\nginx\html\sistema_biometrico\controllers\EmpleadoController.php(875): EmpleadoController->resumenCompleto('527')
#3 C:\tools\nginx\html\sistema_biometrico\index.php(111): EmpleadoController->datosCompletos('527')
#4 {main}
--------------------------------------------------------------------------------
[2026-02-27 15:51:58] [EXCEPTION] PDOException
Contexto: {"action":"resumenCompleto","empleado_id":"527","loading":"diasEconomicos"}
Mensaje: SQLSTATE[42S22]: Column not found: 1054 Unknown column 'fecha_solicitud' in 'ORDER BY'
URI: /sistema_biometrico/empleados/datos-completos/527
Archivo: C:\tools\nginx\html\sistema_biometrico\models\DiasEconomicos.php Línea: 126
#0 C:\tools\nginx\html\sistema_biometrico\models\DiasEconomicos.php(126): PDO->prepare('\n            SE...')
#1 C:\tools\nginx\html\sistema_biometrico\controllers\EmpleadoController.php(353): DiasEconomicos->getByEmpleado('527')
#2 C:\tools\nginx\html\sistema_biometrico\controllers\EmpleadoController.php(875): EmpleadoController->resumenCompleto('527')
#3 C:\tools\nginx\html\sistema_biometrico\index.php(111): EmpleadoController->datosCompletos('527')
#4 {main}
--------------------------------------------------------------------------------
[2026-02-27 15:56:29] [EXCEPTION] PDOException
Contexto: {"action":"resumenCompleto","empleado_id":"527","loading":"diasEconomicos"}
Mensaje: SQLSTATE[42S22]: Column not found: 1054 Unknown column 'fecha_solicitud' in 'ORDER BY'
URI: /sistema_biometrico/empleados/datos-completos/527
Archivo: C:\tools\nginx\html\sistema_biometrico\models\DiasEconomicos.php Línea: 126
#0 C:\tools\nginx\html\sistema_biometrico\models\DiasEconomicos.php(126): PDO->prepare('\n            SE...')
#1 C:\tools\nginx\html\sistema_biometrico\controllers\EmpleadoController.php(353): DiasEconomicos->getByEmpleado('527')
#2 C:\tools\nginx\html\sistema_biometrico\controllers\EmpleadoController.php(875): EmpleadoController->resumenCompleto('527')
#3 C:\tools\nginx\html\sistema_biometrico\index.php(111): EmpleadoController->datosCompletos('527')
#4 {main}
--------------------------------------------------------------------------------
[2026-02-27 15:56:38] [EXCEPTION] PDOException
Contexto: {"action":"resumenCompleto","empleado_id":"527","loading":"diasEconomicos"}
Mensaje: SQLSTATE[42S22]: Column not found: 1054 Unknown column 'fecha_solicitud' in 'ORDER BY'
URI: /sistema_biometrico/empleados/datos-completos/527
Archivo: C:\tools\nginx\html\sistema_biometrico\models\DiasEconomicos.php Línea: 126
#0 C:\tools\nginx\html\sistema_biometrico\models\DiasEconomicos.php(126): PDO->prepare('\n            SE...')
#1 C:\tools\nginx\html\sistema_biometrico\controllers\EmpleadoController.php(353): DiasEconomicos->getByEmpleado('527')
#2 C:\tools\nginx\html\sistema_biometrico\controllers\EmpleadoController.php(875): EmpleadoController->resumenCompleto('527')
#3 C:\tools\nginx\html\sistema_biometrico\index.php(111): EmpleadoController->datosCompletos('527')
#4 {main}
--------------------------------------------------------------------------------
