[2026-02-28 11:36:12] [FATAL_ERROR] Uncaught PDOException: SQLSTATE[42S02]: Base table or view not found: 1146 Table 'sistema_biometrico.zkteo_empleado_mapeo' doesn't exist in Command line code:6
Stack trace:
#0 Command line code(6): PDO->prepare()
#1 {main}
  thrown en Command line code línea 6
URI: N/A
--------------------------------------------------------------------------------
[2026-02-28 11:36:20] [FATAL_ERROR] Uncaught PDOException: SQLSTATE[42S22]: Column not found: 1054 Unknown column 'zkteo_id' in 'WHERE' in Command line code:6
Stack trace:
#0 Command line code(6): PDO->prepare()
#1 {main}
  thrown en Command line code línea 6
URI: N/A
--------------------------------------------------------------------------------
[2026-02-28 11:42:54] [FATAL_ERROR] Uncaught PDOException: SQLSTATE[HY093]: Invalid parameter number in Command line code:13
Stack trace:
#0 Command line code(13): PDOStatement->execute()
#1 {main}
  thrown en Command line code línea 13
URI: N/A
--------------------------------------------------------------------------------
[2026-02-28 11:43:21] [FATAL_ERROR] Uncaught Error: Class "ZKTecoUniversalParser" not found in Command line code:24
Stack trace:
#0 {main}
  thrown en Command line code línea 24
URI: N/A
--------------------------------------------------------------------------------
[2026-02-28 11:58:01] [WARNING] Undefined array key "fecha_fin" en Command line code línea 11
URI: N/A
--------------------------------------------------------------------------------
[2026-02-28 11:58:01] [WARNING] Undefined array key "fecha_fin" en Command line code línea 11
URI: N/A
--------------------------------------------------------------------------------
[2026-02-28 11:58:01] [WARNING] Undefined array key "fecha_fin" en Command line code línea 11
URI: N/A
--------------------------------------------------------------------------------
[2026-02-28 11:58:01] [WARNING] Undefined array key "fecha_fin" en Command line code línea 11
URI: N/A
--------------------------------------------------------------------------------
[2026-02-28 11:58:01] [WARNING] Undefined array key "fecha_fin" en Command line code línea 11
URI: N/A
--------------------------------------------------------------------------------
[2026-02-28 11:58:27] [FATAL_ERROR] Uncaught PDOException: SQLSTATE[42S22]: Column not found: 1054 Unknown column 'fecha_asignacion' in 'INSERT INTO' in Command line code:11
Stack trace:
#0 Command line code(11): PDO->prepare()
#1 {main}
  thrown en Command line code línea 11
URI: N/A
--------------------------------------------------------------------------------
[2026-02-28 11:58:42] [FATAL_ERROR] Uncaught PDOException: SQLSTATE[42S22]: Column not found: 1054 Unknown column 'fecha_fin' in 'SET' in Command line code:17
Stack trace:
#0 Command line code(17): PDO->prepare()
#1 {main}
  thrown en Command line code línea 17
URI: N/A
--------------------------------------------------------------------------------
[2026-02-28 11:59:35] [FATAL_ERROR] Uncaught Error: Call to private method ZKTecoAsistenciaInserter::procesarRegistroIndividual() from global scope in Command line code:34
Stack trace:
#0 {main}
  thrown en Command line code línea 34
URI: N/A
--------------------------------------------------------------------------------
[2026-02-28 11:59:53] [FATAL_ERROR] Uncaught PDOException: SQLSTATE[01000]: Warning: 1265 Data truncated for column 'dia_semana' at row 1 in Command line code:44
Stack trace:
#0 Command line code(44): PDOStatement->execute()
#1 {main}
  thrown en Command line code línea 44
URI: N/A
--------------------------------------------------------------------------------
[2026-02-28 12:01:00] [FATAL_ERROR] Uncaught PDOException: SQLSTATE[42S22]: Column not found: 1054 Unknown column 'h.hora_salala' in 'SELECT' in Command line code:15
Stack trace:
#0 Command line code(15): PDO->query()
#1 {main}
  thrown en Command line code línea 15
URI: N/A
--------------------------------------------------------------------------------
[2026-02-28 12:10:21] [FATAL_ERROR] Uncaught Error: Class "ZKTecoUniversalParser" not found in Command line code:24
Stack trace:
#0 {main}
  thrown en Command line code línea 24
URI: N/A
--------------------------------------------------------------------------------
